Component: Arm Compiler for Embedded 6.21 Tool: armlink [5ec1fa00]

==============================================================================

Section Cross References

    main.o(.ARM.exidx.text.GPIO_init) refers to main.o(.text.GPIO_init) for [Anonymous Symbol]
    main.o(.text.main) refers to clk.o(.text.clk_initBSP) for clk_initBSP
    main.o(.text.main) refers to systick.o(.text.systick_init) for systick_init
    main.o(.text.main) refers to i2c.o(.text.i2c_initMaster) for i2c_initMaster
    main.o(.text.main) refers to systick.o(.text.delay_ms) for delay_ms
    main.o(.text.main) refers to systick.o(.text.millis) for millis
    main.o(.text.main) refers to i2c.o(.text.i2c_lm75GetTemp) for i2c_lm75GetTemp
    main.o(.text.main) refers to main.o(.bss.i2c_millis) for i2c_millis
    main.o(.text.main) refers to main.o(.bss.degC_temp) for degC_temp
    main.o(.ARM.exidx.text.main) refers to main.o(.text.main) for [Anonymous Symbol]
    clk.o(.ARM.exidx.text.clk_setupHSE) refers to clk.o(.text.clk_setupHSE) for [Anonymous Symbol]
    clk.o(.ARM.exidx.text.clk_enableGPIOClk) refers to clk.o(.text.clk_enableGPIOClk) for [Anonymous Symbol]
    clk.o(.ARM.exidx.text.clk_enableI2CClk) refers to clk.o(.text.clk_enableI2CClk) for [Anonymous Symbol]
    clk.o(.ARM.exidx.text.clk_initBSP) refers to clk.o(.text.clk_initBSP) for [Anonymous Symbol]
    systick.o(.text.SysTick_Handler) refers to systick.o(.bss.millis_counter) for millis_counter
    systick.o(.ARM.exidx.text.SysTick_Handler) refers to systick.o(.text.SysTick_Handler) for [Anonymous Symbol]
    systick.o(.text.systick_init) refers to aeabi_sdiv.o(.text) for __aeabi_uidiv
    systick.o(.ARM.exidx.text.systick_init) refers to systick.o(.text.systick_init) for [Anonymous Symbol]
    systick.o(.text.millis) refers to systick.o(.bss.millis_counter) for millis_counter
    systick.o(.ARM.exidx.text.millis) refers to systick.o(.text.millis) for [Anonymous Symbol]
    systick.o(.text.delay_ms) refers to systick.o(.bss.millis_counter) for millis_counter
    systick.o(.ARM.exidx.text.delay_ms) refers to systick.o(.text.delay_ms) for [Anonymous Symbol]
    i2c.o(.ARM.exidx.text.I2C1_IRQHandler) refers to i2c.o(.text.I2C1_IRQHandler) for [Anonymous Symbol]
    i2c.o(.ARM.exidx.text.i2c_initMaster) refers to i2c.o(.text.i2c_initMaster) for [Anonymous Symbol]
    i2c.o(.ARM.exidx.text.i2c_start) refers to i2c.o(.text.i2c_start) for [Anonymous Symbol]
    i2c.o(.ARM.exidx.text.i2c_stop) refers to i2c.o(.text.i2c_stop) for [Anonymous Symbol]
    i2c.o(.ARM.exidx.text.i2c_write) refers to i2c.o(.text.i2c_write) for [Anonymous Symbol]
    i2c.o(.ARM.exidx.text.i2c_writePtr) refers to i2c.o(.text.i2c_writePtr) for [Anonymous Symbol]
    i2c.o(.ARM.exidx.text.i2c_readPtr) refers to i2c.o(.text.i2c_readPtr) for [Anonymous Symbol]
    i2c.o(.text.i2c_24C02Read) refers to i2c.o(.text.i2c_readPtr) for i2c_readPtr
    i2c.o(.ARM.exidx.text.i2c_24C02Read) refers to i2c.o(.text.i2c_24C02Read) for [Anonymous Symbol]
    i2c.o(.ARM.exidx.text.i2c_24C02Write) refers to i2c.o(.text.i2c_24C02Write) for [Anonymous Symbol]
    i2c.o(.text.i2c_lm75GetTemp) refers to i2c.o(.text.i2c_24C02Read) for i2c_24C02Read
    i2c.o(.text.i2c_lm75GetTemp) refers to dflti.o(.text) for __aeabi_ui2d
    i2c.o(.text.i2c_lm75GetTemp) refers to dmul.o(.text) for __aeabi_dmul
    i2c.o(.text.i2c_lm75GetTemp) refers to d2f.o(.text) for __aeabi_d2f
    i2c.o(.ARM.exidx.text.i2c_lm75GetTemp) refers to i2c.o(.text.i2c_lm75GetTemp) for [Anonymous Symbol]
    startup_stm32c031xx.o(STACK) refers (Special) to heapauxi.o(.text) for __use_two_region_memory
    startup_stm32c031xx.o(HEAP) refers (Special) to heapauxi.o(.text) for __use_two_region_memory
    startup_stm32c031xx.o(RESET) refers (Special) to heapauxi.o(.text) for __use_two_region_memory
    startup_stm32c031xx.o(RESET) refers to startup_stm32c031xx.o(STACK) for __initial_sp
    startup_stm32c031xx.o(RESET) refers to startup_stm32c031xx.o(.text) for Reset_Handler
    startup_stm32c031xx.o(RESET) refers to systick.o(.text.SysTick_Handler) for SysTick_Handler
    startup_stm32c031xx.o(RESET) refers to i2c.o(.text.I2C1_IRQHandler) for I2C1_IRQHandler
    startup_stm32c031xx.o(.text) refers (Special) to heapauxi.o(.text) for __use_two_region_memory
    startup_stm32c031xx.o(.text) refers to system_stm32c0xx.o(.text.SystemInit) for SystemInit
    startup_stm32c031xx.o(.text) refers to __main.o(!!!main) for __main
    startup_stm32c031xx.o(.text) refers to startup_stm32c031xx.o(HEAP) for Heap_Mem
    startup_stm32c031xx.o(.text) refers to startup_stm32c031xx.o(STACK) for Stack_Mem
    system_stm32c0xx.o(.ARM.exidx.text.SystemInit) refers to system_stm32c0xx.o(.text.SystemInit) for [Anonymous Symbol]
    system_stm32c0xx.o(.text.SystemCoreClockUpdate) refers to system_stm32c0xx.o(.data.SystemCoreClock) for SystemCoreClock
    system_stm32c0xx.o(.text.SystemCoreClockUpdate) refers to system_stm32c0xx.o(.rodata.AHBPrescTable) for AHBPrescTable
    system_stm32c0xx.o(.ARM.exidx.text.SystemCoreClockUpdate) refers to system_stm32c0xx.o(.text.SystemCoreClockUpdate) for [Anonymous Symbol]
    __main.o(!!!main) refers to __rtentry.o(.ARM.Collect$$rtentry$$00000000) for __rt_entry
    d2f.o(.text) refers (Special) to usenofp.o(x$fpl$usenofp) for __I$use$fp
    dflti.o(.text) refers (Special) to usenofp.o(x$fpl$usenofp) for __I$use$fp
    dmul.o(.text) refers (Special) to usenofp.o(x$fpl$usenofp) for __I$use$fp
    __rtentry.o(.ARM.Collect$$rtentry$$00000000) refers (Special) to __rtentry2.o(.ARM.Collect$$rtentry$$0000000A) for __rt_entry_li
    __rtentry.o(.ARM.Collect$$rtentry$$00000000) refers (Special) to __rtentry2.o(.ARM.Collect$$rtentry$$0000000D) for __rt_entry_main
    __rtentry.o(.ARM.Collect$$rtentry$$00000000) refers (Special) to __rtentry2.o(.ARM.Collect$$rtentry$$0000000C) for __rt_entry_postli_1
    __rtentry.o(.ARM.Collect$$rtentry$$00000000) refers (Special) to __rtentry2.o(.ARM.Collect$$rtentry$$00000009) for __rt_entry_postsh_1
    __rtentry.o(.ARM.Collect$$rtentry$$00000000) refers (Special) to __rtentry2.o(.ARM.Collect$$rtentry$$00000002) for __rt_entry_presh_1
    __rtentry.o(.ARM.Collect$$rtentry$$00000000) refers (Special) to __rtentry4.o(.ARM.Collect$$rtentry$$00000004) for __rt_entry_sh
    aeabi_idiv0_sigfpe.o(.text) refers to rt_div0.o(.text) for __rt_div0
    __rtentry2.o(.ARM.Collect$$rtentry$$00000008) refers to boardinit2.o(.text) for _platform_post_stackheap_init
    __rtentry2.o(.ARM.Collect$$rtentry$$0000000A) refers to libinit.o(.ARM.Collect$$libinit$$00000000) for __rt_lib_init
    __rtentry2.o(.ARM.Collect$$rtentry$$0000000B) refers to boardinit3.o(.text) for _platform_post_lib_init
    __rtentry2.o(.ARM.Collect$$rtentry$$0000000D) refers to main.o(.text.main) for main
    __rtentry2.o(.ARM.Collect$$rtentry$$0000000D) refers to exit.o(.text) for exit
    __rtentry2.o(.ARM.exidx) refers to __rtentry2.o(.ARM.Collect$$rtentry$$00000001) for .ARM.Collect$$rtentry$$00000001
    __rtentry2.o(.ARM.exidx) refers to __rtentry2.o(.ARM.Collect$$rtentry$$00000008) for .ARM.Collect$$rtentry$$00000008
    __rtentry2.o(.ARM.exidx) refers to __rtentry2.o(.ARM.Collect$$rtentry$$0000000A) for .ARM.Collect$$rtentry$$0000000A
    __rtentry2.o(.ARM.exidx) refers to __rtentry2.o(.ARM.Collect$$rtentry$$0000000B) for .ARM.Collect$$rtentry$$0000000B
    __rtentry2.o(.ARM.exidx) refers to __rtentry2.o(.ARM.Collect$$rtentry$$0000000D) for .ARM.Collect$$rtentry$$0000000D
    __rtentry4.o(.ARM.Collect$$rtentry$$00000004) refers to sys_stackheap_outer.o(.text) for __user_setup_stackheap
    __rtentry4.o(.ARM.exidx) refers to __rtentry4.o(.ARM.Collect$$rtentry$$00000004) for .ARM.Collect$$rtentry$$00000004
    rt_div0.o(.text) refers to defsig_fpe_outer.o(.text) for __rt_SIGFPE
    sys_stackheap_outer.o(.text) refers to libspace.o(.text) for __user_perproc_libspace
    sys_stackheap_outer.o(.text) refers to startup_stm32c031xx.o(.text) for __user_initial_stackheap
    sys_stackheap_outer.o(__vectab_stack_and_reset_area) refers to tempstk.o(.text) for __temporary_stack_top
    sys_stackheap_outer.o(__vectab_stack_and_reset_area) refers to __main.o(!!!main) for __main
    exit.o(.text) refers to rtexit.o(.ARM.Collect$$rtexit$$00000000) for __rt_exit
    defsig_fpe_outer.o(.text) refers to defsig_fpe_inner.o(.text) for __rt_SIGFPE_inner
    defsig_fpe_outer.o(.text) refers to defsig_exit.o(.text) for __sig_exit
    defsig_fpe_formal.o(.text) refers to rt_raise.o(.text) for __rt_raise
    libinit.o(.ARM.Collect$$libinit$$00000000) refers (Special) to libinit2.o(.ARM.Collect$$libinit$$00000030) for __rt_lib_init_alloca_1
    libinit.o(.ARM.Collect$$libinit$$00000000) refers (Special) to libinit2.o(.ARM.Collect$$libinit$$0000002E) for __rt_lib_init_argv_1
    libinit.o(.ARM.Collect$$libinit$$00000000) refers (Special) to libinit2.o(.ARM.Collect$$libinit$$0000001D) for __rt_lib_init_atexit_1
    libinit.o(.ARM.Collect$$libinit$$00000000) refers (Special) to libinit2.o(.ARM.Collect$$libinit$$00000023) for __rt_lib_init_clock_1
    libinit.o(.ARM.Collect$$libinit$$00000000) refers (Special) to libinit2.o(.ARM.Collect$$libinit$$00000034) for __rt_lib_init_cpp_1
    libinit.o(.ARM.Collect$$libinit$$00000000) refers (Special) to libinit2.o(.ARM.Collect$$libinit$$00000032) for __rt_lib_init_exceptions_1
    libinit.o(.ARM.Collect$$libinit$$00000000) refers (Special) to libinit2.o(.ARM.Collect$$libinit$$00000002) for __rt_lib_init_fp_1
    libinit.o(.ARM.Collect$$libinit$$00000000) refers (Special) to libinit2.o(.ARM.Collect$$libinit$$00000021) for __rt_lib_init_fp_trap_1
    libinit.o(.ARM.Collect$$libinit$$00000000) refers (Special) to libinit2.o(.ARM.Collect$$libinit$$00000025) for __rt_lib_init_getenv_1
    libinit.o(.ARM.Collect$$libinit$$00000000) refers (Special) to libinit2.o(.ARM.Collect$$libinit$$0000000C) for __rt_lib_init_heap_1
    libinit.o(.ARM.Collect$$libinit$$00000000) refers (Special) to libinit2.o(.ARM.Collect$$libinit$$00000013) for __rt_lib_init_lc_collate_1
    libinit.o(.ARM.Collect$$libinit$$00000000) refers (Special) to libinit2.o(.ARM.Collect$$libinit$$00000015) for __rt_lib_init_lc_ctype_1
    libinit.o(.ARM.Collect$$libinit$$00000000) refers (Special) to libinit2.o(.ARM.Collect$$libinit$$00000017) for __rt_lib_init_lc_monetary_1
    libinit.o(.ARM.Collect$$libinit$$00000000) refers (Special) to libinit2.o(.ARM.Collect$$libinit$$00000019) for __rt_lib_init_lc_numeric_1
    libinit.o(.ARM.Collect$$libinit$$00000000) refers (Special) to libinit2.o(.ARM.Collect$$libinit$$0000001B) for __rt_lib_init_lc_time_1
    libinit.o(.ARM.Collect$$libinit$$00000000) refers (Special) to libinit2.o(.ARM.Collect$$libinit$$00000006) for __rt_lib_init_preinit_1
    libinit.o(.ARM.Collect$$libinit$$00000000) refers (Special) to libinit2.o(.ARM.Collect$$libinit$$00000010) for __rt_lib_init_rand_1
    libinit.o(.ARM.Collect$$libinit$$00000000) refers (Special) to libinit2.o(.ARM.Collect$$libinit$$00000004) for __rt_lib_init_relocate_pie_1
    libinit.o(.ARM.Collect$$libinit$$00000000) refers (Special) to libinit2.o(.ARM.Collect$$libinit$$00000035) for __rt_lib_init_return
    libinit.o(.ARM.Collect$$libinit$$00000000) refers (Special) to libinit2.o(.ARM.Collect$$libinit$$0000001F) for __rt_lib_init_signal_1
    libinit.o(.ARM.Collect$$libinit$$00000000) refers (Special) to libinit2.o(.ARM.Collect$$libinit$$00000027) for __rt_lib_init_stdio_1
    libinit.o(.ARM.Collect$$libinit$$00000000) refers (Special) to libinit2.o(.ARM.Collect$$libinit$$0000000E) for __rt_lib_init_user_alloc_1
    libspace.o(.text) refers to libspace.o(.bss) for __libspace_start
    rtexit.o(.ARM.Collect$$rtexit$$00000000) refers (Special) to rtexit2.o(.ARM.Collect$$rtexit$$00000004) for __rt_exit_exit
    rtexit.o(.ARM.Collect$$rtexit$$00000000) refers (Special) to rtexit2.o(.ARM.Collect$$rtexit$$00000003) for __rt_exit_ls
    rtexit.o(.ARM.Collect$$rtexit$$00000000) refers (Special) to rtexit2.o(.ARM.Collect$$rtexit$$00000002) for __rt_exit_prels_1
    rtexit.o(.ARM.exidx) refers (Special) to rtexit2.o(.ARM.Collect$$rtexit$$00000004) for __rt_exit_exit
    rtexit.o(.ARM.exidx) refers (Special) to rtexit2.o(.ARM.Collect$$rtexit$$00000003) for __rt_exit_ls
    rtexit.o(.ARM.exidx) refers (Special) to rtexit2.o(.ARM.Collect$$rtexit$$00000002) for __rt_exit_prels_1
    rtexit.o(.ARM.exidx) refers to rtexit.o(.ARM.Collect$$rtexit$$00000000) for .ARM.Collect$$rtexit$$00000000
    rt_raise.o(.text) refers to __raise.o(.text) for __raise
    rt_raise.o(.text) refers to sys_exit.o(.text) for _sys_exit
    defsig_exit.o(.text) refers to sys_exit.o(.text) for _sys_exit
    defsig_fpe_inner.o(.text) refers to defsig_general.o(.text) for __default_signal_display
    libinit2.o(.ARM.Collect$$libinit$$00000012) refers to libinit2.o(.ARM.Collect$$libinit$$00000011) for .ARM.Collect$$libinit$$00000011
    libinit2.o(.ARM.Collect$$libinit$$00000014) refers to libinit2.o(.ARM.Collect$$libinit$$00000011) for .ARM.Collect$$libinit$$00000011
    libinit2.o(.ARM.Collect$$libinit$$00000016) refers to libinit2.o(.ARM.Collect$$libinit$$00000011) for .ARM.Collect$$libinit$$00000011
    libinit2.o(.ARM.Collect$$libinit$$00000018) refers to libinit2.o(.ARM.Collect$$libinit$$00000011) for .ARM.Collect$$libinit$$00000011
    libinit2.o(.ARM.Collect$$libinit$$0000001A) refers to libinit2.o(.ARM.Collect$$libinit$$00000011) for .ARM.Collect$$libinit$$00000011
    libinit2.o(.ARM.Collect$$libinit$$00000028) refers to argv_veneer.o(.text) for __ARM_argv_veneer
    libinit2.o(.ARM.Collect$$libinit$$00000029) refers to argv_veneer.o(.text) for __ARM_argv_veneer
    sys_exit.o(.text) refers (Special) to use_no_semi.o(.text) for __I$use$semihosting
    sys_exit.o(.text) refers (Special) to indicate_semi.o(.text) for __semihosting_library_function
    sys_exit_hlt.o(.text) refers (Special) to use_no_semi.o(.text) for __I$use$semihosting
    sys_exit_hlt.o(.text) refers (Special) to indicate_semi.o(.text) for __semihosting_library_function
    rtexit2.o(.ARM.Collect$$rtexit$$00000003) refers to libshutdown.o(.ARM.Collect$$libshutdown$$00000000) for __rt_lib_shutdown
    rtexit2.o(.ARM.Collect$$rtexit$$00000004) refers to sys_exit.o(.text) for _sys_exit
    rtexit2.o(.ARM.exidx) refers to rtexit2.o(.ARM.Collect$$rtexit$$00000001) for .ARM.Collect$$rtexit$$00000001
    rtexit2.o(.ARM.exidx) refers to rtexit2.o(.ARM.Collect$$rtexit$$00000003) for .ARM.Collect$$rtexit$$00000003
    rtexit2.o(.ARM.exidx) refers to rtexit2.o(.ARM.Collect$$rtexit$$00000004) for .ARM.Collect$$rtexit$$00000004
    __raise.o(.text) refers to defsig.o(CL$$defsig) for __default_signal_handler
    defsig_general.o(.text) refers to sys_wrch.o(.text) for _ttywrch
    sys_wrch.o(.text) refers (Special) to use_no_semi.o(.text) for __I$use$semihosting
    sys_wrch.o(.text) refers (Special) to indicate_semi.o(.text) for __semihosting_library_function
    sys_wrch_hlt.o(.text) refers (Special) to use_no_semi.o(.text) for __I$use$semihosting
    sys_wrch_hlt.o(.text) refers (Special) to indicate_semi.o(.text) for __semihosting_library_function
    defsig.o(CL$$defsig) refers to defsig_fpe_inner.o(.text) for __rt_SIGFPE_inner
    defsig.o(CL$$defsig) refers to defsig_rtmem_inner.o(.text) for __rt_SIGRTMEM_inner
    _get_argv_nomalloc.o(.text) refers (Special) to hrguard.o(.text) for __heap_region$guard
    _get_argv_nomalloc.o(.text) refers to defsig_rtmem_outer.o(.text) for __rt_SIGRTMEM
    _get_argv_nomalloc.o(.text) refers to sys_command.o(.text) for _sys_command_string
    libshutdown.o(.ARM.Collect$$libshutdown$$00000000) refers (Special) to libshutdown2.o(.ARM.Collect$$libshutdown$$00000002) for __rt_lib_shutdown_cpp_1
    libshutdown.o(.ARM.Collect$$libshutdown$$00000000) refers (Special) to libshutdown2.o(.ARM.Collect$$libshutdown$$00000007) for __rt_lib_shutdown_fp_trap_1
    libshutdown.o(.ARM.Collect$$libshutdown$$00000000) refers (Special) to libshutdown2.o(.ARM.Collect$$libshutdown$$0000000F) for __rt_lib_shutdown_heap_1
    libshutdown.o(.ARM.Collect$$libshutdown$$00000000) refers (Special) to libshutdown2.o(.ARM.Collect$$libshutdown$$00000010) for __rt_lib_shutdown_return
    libshutdown.o(.ARM.Collect$$libshutdown$$00000000) refers (Special) to libshutdown2.o(.ARM.Collect$$libshutdown$$0000000A) for __rt_lib_shutdown_signal_1
    libshutdown.o(.ARM.Collect$$libshutdown$$00000000) refers (Special) to libshutdown2.o(.ARM.Collect$$libshutdown$$00000004) for __rt_lib_shutdown_stdio_1
    libshutdown.o(.ARM.Collect$$libshutdown$$00000000) refers (Special) to libshutdown2.o(.ARM.Collect$$libshutdown$$0000000C) for __rt_lib_shutdown_user_alloc_1
    sys_command.o(.text) refers (Special) to use_no_semi.o(.text) for __I$use$semihosting
    sys_command.o(.text) refers (Special) to indicate_semi.o(.text) for __semihosting_library_function
    sys_command_hlt.o(.text) refers (Special) to use_no_semi.o(.text) for __I$use$semihosting
    sys_command_hlt.o(.text) refers (Special) to indicate_semi.o(.text) for __semihosting_library_function
    defsig_abrt_inner.o(.text) refers to defsig_general.o(.text) for __default_signal_display
    defsig_rtred_inner.o(.text) refers to defsig_general.o(.text) for __default_signal_display
    defsig_rtmem_inner.o(.text) refers to defsig_general.o(.text) for __default_signal_display
    defsig_rtmem_outer.o(.text) refers to defsig_rtmem_inner.o(.text) for __rt_SIGRTMEM_inner
    defsig_rtmem_outer.o(.text) refers to defsig_exit.o(.text) for __sig_exit
    defsig_rtmem_formal.o(.text) refers to rt_raise.o(.text) for __rt_raise
    defsig_stak_inner.o(.text) refers to defsig_general.o(.text) for __default_signal_display
    defsig_pvfn_inner.o(.text) refers to defsig_general.o(.text) for __default_signal_display
    defsig_cppl_inner.o(.text) refers to defsig_general.o(.text) for __default_signal_display
    defsig_segv_inner.o(.text) refers to defsig_general.o(.text) for __default_signal_display
    defsig_other.o(.text) refers to defsig_general.o(.text) for __default_signal_display


==============================================================================

Removing Unused input sections from the image.

    Removing main.o(.text), (0 bytes).
    Removing main.o(.text.GPIO_init), (52 bytes).
    Removing main.o(.ARM.exidx.text.GPIO_init), (8 bytes).
    Removing main.o(.ARM.exidx.text.main), (8 bytes).
    Removing main.o(.bss.blink_millis), (4 bytes).
    Removing main.o(.ARM.use_no_argv), (4 bytes).
    Removing clk.o(.text), (0 bytes).
    Removing clk.o(.text.clk_setupHSE), (36 bytes).
    Removing clk.o(.ARM.exidx.text.clk_setupHSE), (8 bytes).
    Removing clk.o(.text.clk_enableGPIOClk), (16 bytes).
    Removing clk.o(.ARM.exidx.text.clk_enableGPIOClk), (8 bytes).
    Removing clk.o(.text.clk_enableI2CClk), (28 bytes).
    Removing clk.o(.ARM.exidx.text.clk_enableI2CClk), (8 bytes).
    Removing clk.o(.ARM.exidx.text.clk_initBSP), (8 bytes).
    Removing systick.o(.text), (0 bytes).
    Removing systick.o(.ARM.exidx.text.SysTick_Handler), (8 bytes).
    Removing systick.o(.ARM.exidx.text.systick_init), (8 bytes).
    Removing systick.o(.ARM.exidx.text.millis), (8 bytes).
    Removing systick.o(.ARM.exidx.text.delay_ms), (8 bytes).
    Removing i2c.o(.text), (0 bytes).
    Removing i2c.o(.ARM.exidx.text.I2C1_IRQHandler), (8 bytes).
    Removing i2c.o(.ARM.exidx.text.i2c_initMaster), (8 bytes).
    Removing i2c.o(.text.i2c_start), (20 bytes).
    Removing i2c.o(.ARM.exidx.text.i2c_start), (8 bytes).
    Removing i2c.o(.text.i2c_stop), (20 bytes).
    Removing i2c.o(.ARM.exidx.text.i2c_stop), (8 bytes).
    Removing i2c.o(.text.i2c_write), (52 bytes).
    Removing i2c.o(.ARM.exidx.text.i2c_write), (8 bytes).
    Removing i2c.o(.text.i2c_writePtr), (184 bytes).
    Removing i2c.o(.ARM.exidx.text.i2c_writePtr), (8 bytes).
    Removing i2c.o(.ARM.exidx.text.i2c_readPtr), (8 bytes).
    Removing i2c.o(.ARM.exidx.text.i2c_24C02Read), (8 bytes).
    Removing i2c.o(.text.i2c_24C02Write), (172 bytes).
    Removing i2c.o(.ARM.exidx.text.i2c_24C02Write), (8 bytes).
    Removing i2c.o(.ARM.exidx.text.i2c_lm75GetTemp), (8 bytes).
    Removing system_stm32c0xx.o(.text), (0 bytes).
    Removing system_stm32c0xx.o(.ARM.exidx.text.SystemInit), (8 bytes).
    Removing system_stm32c0xx.o(.text.SystemCoreClockUpdate), (80 bytes).
    Removing system_stm32c0xx.o(.ARM.exidx.text.SystemCoreClockUpdate), (8 bytes).
    Removing system_stm32c0xx.o(.data.SystemCoreClock), (4 bytes).
    Removing system_stm32c0xx.o(.rodata.AHBPrescTable), (64 bytes).
    Removing system_stm32c0xx.o(.rodata.APBPrescTable), (32 bytes).

42 unused section(s) (total 944 bytes) removed from the image.

==============================================================================

Image Symbol Table

    Local Symbols

    Symbol Name                              Value     Ov Type        Size  Object(Section)

    ../clib/angel/boardlib.s                 0x00000000   Number         0  boardinit1.o ABSOLUTE
    ../clib/angel/boardlib.s                 0x00000000   Number         0  boardinit2.o ABSOLUTE
    ../clib/angel/boardlib.s                 0x00000000   Number         0  boardinit3.o ABSOLUTE
    ../clib/angel/boardlib.s                 0x00000000   Number         0  boardshut.o ABSOLUTE
    ../clib/angel/handlers.s                 0x00000000   Number         0  __scatter_zi.o ABSOLUTE
    ../clib/angel/kernel.s                   0x00000000   Number         0  __rtentry.o ABSOLUTE
    ../clib/angel/kernel.s                   0x00000000   Number         0  __rtentry2.o ABSOLUTE
    ../clib/angel/kernel.s                   0x00000000   Number         0  __rtentry4.o ABSOLUTE
    ../clib/angel/kernel.s                   0x00000000   Number         0  rtexit.o ABSOLUTE
    ../clib/angel/kernel.s                   0x00000000   Number         0  rtexit2.o ABSOLUTE
    ../clib/angel/rt.s                       0x00000000   Number         0  aeabi_idiv0.o ABSOLUTE
    ../clib/angel/rt.s                       0x00000000   Number         0  aeabi_idiv0_sigfpe.o ABSOLUTE
    ../clib/angel/rt.s                       0x00000000   Number         0  rt_div0.o ABSOLUTE
    ../clib/angel/rt.s                       0x00000000   Number         0  rt_raise.o ABSOLUTE
    ../clib/angel/scatterp.s                 0x00000000   Number         0  __scatter.o ABSOLUTE
    ../clib/angel/startup.s                  0x00000000   Number         0  __main.o ABSOLUTE
    ../clib/angel/sys.s                      0x00000000   Number         0  sys_stackheap_outer.o ABSOLUTE
    ../clib/angel/sys.s                      0x00000000   Number         0  libspace.o ABSOLUTE
    ../clib/angel/sys.s                      0x00000000   Number         0  tempstk.o ABSOLUTE
    ../clib/angel/sys.s                      0x00000000   Number         0  use_no_semi.o ABSOLUTE
    ../clib/angel/sys.s                      0x00000000   Number         0  indicate_semi.o ABSOLUTE
    ../clib/angel/sysapp.c                   0x00000000   Number         0  sys_exit.o ABSOLUTE
    ../clib/angel/sysapp.c                   0x00000000   Number         0  sys_exit_hlt.o ABSOLUTE
    ../clib/angel/sysapp.c                   0x00000000   Number         0  sys_wrch.o ABSOLUTE
    ../clib/angel/sysapp.c                   0x00000000   Number         0  sys_wrch_hlt.o ABSOLUTE
    ../clib/angel/sysapp.c                   0x00000000   Number         0  sys_command.o ABSOLUTE
    ../clib/angel/sysapp.c                   0x00000000   Number         0  sys_command_hlt.o ABSOLUTE
    ../clib/armsys.c                         0x00000000   Number         0  argv_veneer.o ABSOLUTE
    ../clib/armsys.c                         0x00000000   Number         0  _get_argv_nomalloc.o ABSOLUTE
    ../clib/armsys.c                         0x00000000   Number         0  no_argv.o ABSOLUTE
    ../clib/division.s                       0x00000000   Number         0  aeabi_sdiv.o ABSOLUTE
    ../clib/division.s                       0x00000000   Number         0  aeabi_sdiv_div0.o ABSOLUTE
    ../clib/heapalloc.c                      0x00000000   Number         0  hrguard.o ABSOLUTE
    ../clib/heapaux.c                        0x00000000   Number         0  heapauxi.o ABSOLUTE
    ../clib/libinit.s                        0x00000000   Number         0  libinit.o ABSOLUTE
    ../clib/libinit.s                        0x00000000   Number         0  libinit2.o ABSOLUTE
    ../clib/libinit.s                        0x00000000   Number         0  libshutdown.o ABSOLUTE
    ../clib/libinit.s                        0x00000000   Number         0  libshutdown2.o ABSOLUTE
    ../clib/signal.c                         0x00000000   Number         0  defsig_fpe_outer.o ABSOLUTE
    ../clib/signal.c                         0x00000000   Number         0  defsig_fpe_formal.o ABSOLUTE
    ../clib/signal.c                         0x00000000   Number         0  defsig_exit.o ABSOLUTE
    ../clib/signal.c                         0x00000000   Number         0  defsig_fpe_inner.o ABSOLUTE
    ../clib/signal.c                         0x00000000   Number         0  __raise.o ABSOLUTE
    ../clib/signal.c                         0x00000000   Number         0  defsig_general.o ABSOLUTE
    ../clib/signal.c                         0x00000000   Number         0  defsig_abrt_inner.o ABSOLUTE
    ../clib/signal.c                         0x00000000   Number         0  defsig_rtred_inner.o ABSOLUTE
    ../clib/signal.c                         0x00000000   Number         0  defsig_rtmem_inner.o ABSOLUTE
    ../clib/signal.c                         0x00000000   Number         0  defsig_rtmem_outer.o ABSOLUTE
    ../clib/signal.c                         0x00000000   Number         0  defsig_rtmem_formal.o ABSOLUTE
    ../clib/signal.c                         0x00000000   Number         0  defsig_stak_inner.o ABSOLUTE
    ../clib/signal.c                         0x00000000   Number         0  defsig_pvfn_inner.o ABSOLUTE
    ../clib/signal.c                         0x00000000   Number         0  defsig_cppl_inner.o ABSOLUTE
    ../clib/signal.c                         0x00000000   Number         0  defsig_segv_inner.o ABSOLUTE
    ../clib/signal.c                         0x00000000   Number         0  defsig_other.o ABSOLUTE
    ../clib/signal.s                         0x00000000   Number         0  defsig.o ABSOLUTE
    ../clib/stdlib.c                         0x00000000   Number         0  exit.o ABSOLUTE
    ../fplib/cfplib/d2f.c                    0x00000000   Number         0  d2f.o ABSOLUTE
    ../fplib/cfplib/dmul.c                   0x00000000   Number         0  dmul.o ABSOLUTE
    ../fplib/cfplib/fflt.c                   0x00000000   Number         0  dflti.o ABSOLUTE
    ../fplib/cfplib/fpinit.c                 0x00000000   Number         0  fpinit.o ABSOLUTE
    ../fplib/usenofp.s                       0x00000000   Number         0  usenofp.o ABSOLUTE
    RTE/Device/STM32C031K6Tx/startup_stm32c031xx.s 0x00000000   Number         0  startup_stm32c031xx.o ABSOLUTE
    clk.c                                    0x00000000   Number         0  clk.o ABSOLUTE
    dc.s                                     0x00000000   Number         0  dc.o ABSOLUTE
    i2c.c                                    0x00000000   Number         0  i2c.o ABSOLUTE
    main.c                                   0x00000000   Number         0  main.o ABSOLUTE
    system_stm32c0xx.c                       0x00000000   Number         0  system_stm32c0xx.o ABSOLUTE
    systick.c                                0x00000000   Number         0  systick.o ABSOLUTE
    RESET                                    0x08000000   Section      192  startup_stm32c031xx.o(RESET)
    !!!main                                  0x080000c0   Section        8  __main.o(!!!main)
    !!!scatter                               0x080000c8   Section       84  __scatter.o(!!!scatter)
    !!handler_null                           0x0800011c   Section        2  __scatter.o(!!handler_null)
    !!handler_zi                             0x08000120   Section       28  __scatter_zi.o(!!handler_zi)
    .ARM.Collect$$libinit$$00000000          0x0800013c   Section        2  libinit.o(.ARM.Collect$$libinit$$00000000)
    .ARM.Collect$$libinit$$00000002          0x0800013e   Section        0  libinit2.o(.ARM.Collect$$libinit$$00000002)
    .ARM.Collect$$libinit$$00000004          0x0800013e   Section        0  libinit2.o(.ARM.Collect$$libinit$$00000004)
    .ARM.Collect$$libinit$$00000006          0x0800013e   Section        0  libinit2.o(.ARM.Collect$$libinit$$00000006)
    .ARM.Collect$$libinit$$0000000C          0x0800013e   Section        0  libinit2.o(.ARM.Collect$$libinit$$0000000C)
    .ARM.Collect$$libinit$$0000000E          0x0800013e   Section        0  libinit2.o(.ARM.Collect$$libinit$$0000000E)
    .ARM.Collect$$libinit$$00000010          0x0800013e   Section        0  libinit2.o(.ARM.Collect$$libinit$$00000010)
    .ARM.Collect$$libinit$$00000013          0x0800013e   Section        0  libinit2.o(.ARM.Collect$$libinit$$00000013)
    .ARM.Collect$$libinit$$00000015          0x0800013e   Section        0  libinit2.o(.ARM.Collect$$libinit$$00000015)
    .ARM.Collect$$libinit$$00000017          0x0800013e   Section        0  libinit2.o(.ARM.Collect$$libinit$$00000017)
    .ARM.Collect$$libinit$$00000019          0x0800013e   Section        0  libinit2.o(.ARM.Collect$$libinit$$00000019)
    .ARM.Collect$$libinit$$0000001B          0x0800013e   Section        0  libinit2.o(.ARM.Collect$$libinit$$0000001B)
    .ARM.Collect$$libinit$$0000001D          0x0800013e   Section        0  libinit2.o(.ARM.Collect$$libinit$$0000001D)
    .ARM.Collect$$libinit$$0000001F          0x0800013e   Section        0  libinit2.o(.ARM.Collect$$libinit$$0000001F)
    .ARM.Collect$$libinit$$00000021          0x0800013e   Section        0  libinit2.o(.ARM.Collect$$libinit$$00000021)
    .ARM.Collect$$libinit$$00000023          0x0800013e   Section        0  libinit2.o(.ARM.Collect$$libinit$$00000023)
    .ARM.Collect$$libinit$$00000025          0x0800013e   Section        0  libinit2.o(.ARM.Collect$$libinit$$00000025)
    .ARM.Collect$$libinit$$00000027          0x0800013e   Section        0  libinit2.o(.ARM.Collect$$libinit$$00000027)
    .ARM.Collect$$libinit$$0000002E          0x0800013e   Section        0  libinit2.o(.ARM.Collect$$libinit$$0000002E)
    .ARM.Collect$$libinit$$00000030          0x0800013e   Section        0  libinit2.o(.ARM.Collect$$libinit$$00000030)
    .ARM.Collect$$libinit$$00000032          0x0800013e   Section        0  libinit2.o(.ARM.Collect$$libinit$$00000032)
    .ARM.Collect$$libinit$$00000034          0x0800013e   Section        0  libinit2.o(.ARM.Collect$$libinit$$00000034)
    .ARM.Collect$$libinit$$00000035          0x0800013e   Section        2  libinit2.o(.ARM.Collect$$libinit$$00000035)
    .ARM.Collect$$libshutdown$$00000000      0x08000140   Section        2  libshutdown.o(.ARM.Collect$$libshutdown$$00000000)
    .ARM.Collect$$libshutdown$$00000002      0x08000142   Section        0  libshutdown2.o(.ARM.Collect$$libshutdown$$00000002)
    .ARM.Collect$$libshutdown$$00000004      0x08000142   Section        0  libshutdown2.o(.ARM.Collect$$libshutdown$$00000004)
    .ARM.Collect$$libshutdown$$00000007      0x08000142   Section        0  libshutdown2.o(.ARM.Collect$$libshutdown$$00000007)
    .ARM.Collect$$libshutdown$$0000000A      0x08000142   Section        0  libshutdown2.o(.ARM.Collect$$libshutdown$$0000000A)
    .ARM.Collect$$libshutdown$$0000000C      0x08000142   Section        0  libshutdown2.o(.ARM.Collect$$libshutdown$$0000000C)
    .ARM.Collect$$libshutdown$$0000000F      0x08000142   Section        0  libshutdown2.o(.ARM.Collect$$libshutdown$$0000000F)
    .ARM.Collect$$libshutdown$$00000010      0x08000142   Section        2  libshutdown2.o(.ARM.Collect$$libshutdown$$00000010)
    .ARM.Collect$$rtentry$$00000000          0x08000144   Section        0  __rtentry.o(.ARM.Collect$$rtentry$$00000000)
    .ARM.Collect$$rtentry$$00000002          0x08000144   Section        0  __rtentry2.o(.ARM.Collect$$rtentry$$00000002)
    .ARM.Collect$$rtentry$$00000004          0x08000144   Section        6  __rtentry4.o(.ARM.Collect$$rtentry$$00000004)
    .ARM.Collect$$rtentry$$00000009          0x0800014a   Section        0  __rtentry2.o(.ARM.Collect$$rtentry$$00000009)
    .ARM.Collect$$rtentry$$0000000A          0x0800014a   Section        4  __rtentry2.o(.ARM.Collect$$rtentry$$0000000A)
    .ARM.Collect$$rtentry$$0000000C          0x0800014e   Section        0  __rtentry2.o(.ARM.Collect$$rtentry$$0000000C)
    .ARM.Collect$$rtentry$$0000000D          0x0800014e   Section        8  __rtentry2.o(.ARM.Collect$$rtentry$$0000000D)
    .ARM.Collect$$rtexit$$00000000           0x08000156   Section        2  rtexit.o(.ARM.Collect$$rtexit$$00000000)
    .ARM.Collect$$rtexit$$00000002           0x08000158   Section        0  rtexit2.o(.ARM.Collect$$rtexit$$00000002)
    .ARM.Collect$$rtexit$$00000003           0x08000158   Section        4  rtexit2.o(.ARM.Collect$$rtexit$$00000003)
    .ARM.Collect$$rtexit$$00000004           0x0800015c   Section        6  rtexit2.o(.ARM.Collect$$rtexit$$00000004)
    .text                                    0x08000164   Section       56  startup_stm32c031xx.o(.text)
    .text                                    0x0800019c   Section      364  aeabi_sdiv.o(.text)
    .text                                    0x08000308   Section        0  heapauxi.o(.text)
    .text                                    0x08000310   Section        0  d2f.o(.text)
    .text                                    0x0800038c   Section        0  dflti.o(.text)
    .text                                    0x080003e4   Section        0  dmul.o(.text)
    .text                                    0x0800062c   Section       62  sys_stackheap_outer.o(.text)
    .text                                    0x0800066a   Section        0  exit.o(.text)
    .text                                    0x0800067c   Section        8  libspace.o(.text)
    .text                                    0x08000684   Section        0  sys_exit.o(.text)
    .text                                    0x08000690   Section        2  use_no_semi.o(.text)
    .text                                    0x08000692   Section        0  indicate_semi.o(.text)
    [Anonymous Symbol]                       0x08000694   Section        0  i2c.o(.text.I2C1_IRQHandler)
    __arm_cp.0_0                             0x080006a4   Number         4  i2c.o(.text.I2C1_IRQHandler)
    __arm_cp.0_1                             0x080006a8   Number         4  i2c.o(.text.I2C1_IRQHandler)
    [Anonymous Symbol]                       0x080006ac   Section        0  systick.o(.text.SysTick_Handler)
    [Anonymous Symbol]                       0x080006b8   Section        0  system_stm32c0xx.o(.text.SystemInit)
    __arm_cp.0_0                             0x080006c4   Number         4  system_stm32c0xx.o(.text.SystemInit)
    [Anonymous Symbol]                       0x080006c8   Section        0  clk.o(.text.clk_initBSP)
    __arm_cp.3_0                             0x08000700   Number         4  clk.o(.text.clk_initBSP)
    [Anonymous Symbol]                       0x08000704   Section        0  systick.o(.text.delay_ms)
    [Anonymous Symbol]                       0x08000718   Section        0  i2c.o(.text.i2c_24C02Read)
    __arm_cp.7_0                             0x08000750   Number         4  i2c.o(.text.i2c_24C02Read)
    [Anonymous Symbol]                       0x08000754   Section        0  i2c.o(.text.i2c_initMaster)
    __arm_cp.1_0                             0x0800078c   Number         4  i2c.o(.text.i2c_initMaster)
    [Anonymous Symbol]                       0x0800079c   Section        0  i2c.o(.text.i2c_lm75GetTemp)
    [Anonymous Symbol]                       0x080007cc   Section        0  i2c.o(.text.i2c_readPtr)
    __arm_cp.6_0                             0x08000884   Number         4  i2c.o(.text.i2c_readPtr)
    [Anonymous Symbol]                       0x08000888   Section        0  main.o(.text.main)
    __arm_cp.1_0                             0x080008f0   Number         4  main.o(.text.main)
    __arm_cp.1_1                             0x080008f4   Number         4  main.o(.text.main)
    __arm_cp.1_2                             0x080008f8   Number         4  main.o(.text.main)
    __arm_cp.1_3                             0x080008fc   Number         4  main.o(.text.main)
    [Anonymous Symbol]                       0x08000900   Section        0  systick.o(.text.millis)
    __arm_cp.2_0                             0x08000908   Number         4  systick.o(.text.millis)
    [Anonymous Symbol]                       0x0800090c   Section        0  systick.o(.text.systick_init)
    __arm_cp.1_0                             0x0800093c   Number         4  systick.o(.text.systick_init)
    __arm_cp.1_1                             0x08000940   Number         4  systick.o(.text.systick_init)
    x$fpl$usenofp                            0x08000944   Section        0  usenofp.o(x$fpl$usenofp)
    .bss                                     0x20000000   Section       96  libspace.o(.bss)
    Heap_Mem                                 0x20000070   Data         512  startup_stm32c031xx.o(HEAP)
    HEAP                                     0x20000070   Section      512  startup_stm32c031xx.o(HEAP)
    Stack_Mem                                0x20000270   Data        1024  startup_stm32c031xx.o(STACK)
    STACK                                    0x20000270   Section     1024  startup_stm32c031xx.o(STACK)
    __initial_sp                             0x20000670   Data           0  startup_stm32c031xx.o(STACK)

    Global Symbols

    Symbol Name                              Value     Ov Type        Size  Object(Section)

    BuildAttributes$$THM_ISAv3M$S$PE$A:L22$X:L11$S22$IEEE1$IW$~IW$USESV6$~STKCKD$USESV7$~SHL$OSPACE$ROPI$EBA8$UX$STANDARDLIB$REQ8$PRES8$EABIv2 0x00000000   Number         0  anon$$obj.o ABSOLUTE
    __ARM_exceptions_init                     - Undefined Weak Reference
    __alloca_initialize                       - Undefined Weak Reference
    __arm_preinit_                            - Undefined Weak Reference
    __arm_relocate_pie_                       - Undefined Weak Reference
    __cpp_initialize__aeabi_                  - Undefined Weak Reference
    __cxa_finalize                            - Undefined Weak Reference
    __rt_locale                               - Undefined Weak Reference
    __sigvec_lookup                           - Undefined Weak Reference
    _atexit_init                              - Undefined Weak Reference
    _call_atexit_fns                          - Undefined Weak Reference
    _clock_init                               - Undefined Weak Reference
    _fp_trap_init                             - Undefined Weak Reference
    _fp_trap_shutdown                         - Undefined Weak Reference
    _get_lc_collate                           - Undefined Weak Reference
    _get_lc_ctype                             - Undefined Weak Reference
    _get_lc_monetary                          - Undefined Weak Reference
    _get_lc_numeric                           - Undefined Weak Reference
    _get_lc_time                              - Undefined Weak Reference
    _getenv_init                              - Undefined Weak Reference
    _handle_redirection                       - Undefined Weak Reference
    _init_alloc                               - Undefined Weak Reference
    _init_user_alloc                          - Undefined Weak Reference
    _initio                                   - Undefined Weak Reference
    _rand_init                                - Undefined Weak Reference
    _signal_finish                            - Undefined Weak Reference
    _signal_init                              - Undefined Weak Reference
    _terminate_alloc                          - Undefined Weak Reference
    _terminate_user_alloc                     - Undefined Weak Reference
    _terminateio                              - Undefined Weak Reference
    __Vectors_Size                           0x000000c0   Number         0  startup_stm32c031xx.o ABSOLUTE
    __Vectors                                0x08000000   Data           4  startup_stm32c031xx.o(RESET)
    __Vectors_End                            0x080000c0   Data           0  startup_stm32c031xx.o(RESET)
    __main                                   0x080000c1   Thumb Code     8  __main.o(!!!main)
    __scatterload                            0x080000c9   Thumb Code     0  __scatter.o(!!!scatter)
    __scatterload_rt2                        0x080000c9   Thumb Code    74  __scatter.o(!!!scatter)
    __scatterload_rt2_thumb_only             0x080000c9   Thumb Code     0  __scatter.o(!!!scatter)
    __scatterload_loop                       0x080000d3   Thumb Code     0  __scatter.o(!!!scatter)
    __scatterload_null                       0x0800011d   Thumb Code     2  __scatter.o(!!handler_null)
    __scatterload_zeroinit                   0x08000121   Thumb Code    28  __scatter_zi.o(!!handler_zi)
    __rt_lib_init                            0x0800013d   Thumb Code     0  libinit.o(.ARM.Collect$$libinit$$00000000)
    __rt_lib_init_alloca_1                   0x0800013f   Thumb Code     0  libinit2.o(.ARM.Collect$$libinit$$00000030)
    __rt_lib_init_argv_1                     0x0800013f   Thumb Code     0  libinit2.o(.ARM.Collect$$libinit$$0000002E)
    __rt_lib_init_atexit_1                   0x0800013f   Thumb Code     0  libinit2.o(.ARM.Collect$$libinit$$0000001D)
    __rt_lib_init_clock_1                    0x0800013f   Thumb Code     0  libinit2.o(.ARM.Collect$$libinit$$00000023)
    __rt_lib_init_cpp_1                      0x0800013f   Thumb Code     0  libinit2.o(.ARM.Collect$$libinit$$00000034)
    __rt_lib_init_exceptions_1               0x0800013f   Thumb Code     0  libinit2.o(.ARM.Collect$$libinit$$00000032)
    __rt_lib_init_fp_1                       0x0800013f   Thumb Code     0  libinit2.o(.ARM.Collect$$libinit$$00000002)
    __rt_lib_init_fp_trap_1                  0x0800013f   Thumb Code     0  libinit2.o(.ARM.Collect$$libinit$$00000021)
    __rt_lib_init_getenv_1                   0x0800013f   Thumb Code     0  libinit2.o(.ARM.Collect$$libinit$$00000025)
    __rt_lib_init_heap_1                     0x0800013f   Thumb Code     0  libinit2.o(.ARM.Collect$$libinit$$0000000C)
    __rt_lib_init_lc_collate_1               0x0800013f   Thumb Code     0  libinit2.o(.ARM.Collect$$libinit$$00000013)
    __rt_lib_init_lc_ctype_1                 0x0800013f   Thumb Code     0  libinit2.o(.ARM.Collect$$libinit$$00000015)
    __rt_lib_init_lc_monetary_1              0x0800013f   Thumb Code     0  libinit2.o(.ARM.Collect$$libinit$$00000017)
    __rt_lib_init_lc_numeric_1               0x0800013f   Thumb Code     0  libinit2.o(.ARM.Collect$$libinit$$00000019)
    __rt_lib_init_lc_time_1                  0x0800013f   Thumb Code     0  libinit2.o(.ARM.Collect$$libinit$$0000001B)
    __rt_lib_init_preinit_1                  0x0800013f   Thumb Code     0  libinit2.o(.ARM.Collect$$libinit$$00000006)
    __rt_lib_init_rand_1                     0x0800013f   Thumb Code     0  libinit2.o(.ARM.Collect$$libinit$$00000010)
    __rt_lib_init_relocate_pie_1             0x0800013f   Thumb Code     0  libinit2.o(.ARM.Collect$$libinit$$00000004)
    __rt_lib_init_return                     0x0800013f   Thumb Code     0  libinit2.o(.ARM.Collect$$libinit$$00000035)
    __rt_lib_init_signal_1                   0x0800013f   Thumb Code     0  libinit2.o(.ARM.Collect$$libinit$$0000001F)
    __rt_lib_init_stdio_1                    0x0800013f   Thumb Code     0  libinit2.o(.ARM.Collect$$libinit$$00000027)
    __rt_lib_init_user_alloc_1               0x0800013f   Thumb Code     0  libinit2.o(.ARM.Collect$$libinit$$0000000E)
    __rt_lib_shutdown                        0x08000141   Thumb Code     0  libshutdown.o(.ARM.Collect$$libshutdown$$00000000)
    __rt_lib_shutdown_cpp_1                  0x08000143   Thumb Code     0  libshutdown2.o(.ARM.Collect$$libshutdown$$00000002)
    __rt_lib_shutdown_fp_trap_1              0x08000143   Thumb Code     0  libshutdown2.o(.ARM.Collect$$libshutdown$$00000007)
    __rt_lib_shutdown_heap_1                 0x08000143   Thumb Code     0  libshutdown2.o(.ARM.Collect$$libshutdown$$0000000F)
    __rt_lib_shutdown_return                 0x08000143   Thumb Code     0  libshutdown2.o(.ARM.Collect$$libshutdown$$00000010)
    __rt_lib_shutdown_signal_1               0x08000143   Thumb Code     0  libshutdown2.o(.ARM.Collect$$libshutdown$$0000000A)
    __rt_lib_shutdown_stdio_1                0x08000143   Thumb Code     0  libshutdown2.o(.ARM.Collect$$libshutdown$$00000004)
    __rt_lib_shutdown_user_alloc_1           0x08000143   Thumb Code     0  libshutdown2.o(.ARM.Collect$$libshutdown$$0000000C)
    __rt_entry                               0x08000145   Thumb Code     0  __rtentry.o(.ARM.Collect$$rtentry$$00000000)
    __rt_entry_presh_1                       0x08000145   Thumb Code     0  __rtentry2.o(.ARM.Collect$$rtentry$$00000002)
    __rt_entry_sh                            0x08000145   Thumb Code     0  __rtentry4.o(.ARM.Collect$$rtentry$$00000004)
    __rt_entry_li                            0x0800014b   Thumb Code     0  __rtentry2.o(.ARM.Collect$$rtentry$$0000000A)
    __rt_entry_postsh_1                      0x0800014b   Thumb Code     0  __rtentry2.o(.ARM.Collect$$rtentry$$00000009)
    __rt_entry_main                          0x0800014f   Thumb Code     0  __rtentry2.o(.ARM.Collect$$rtentry$$0000000D)
    __rt_entry_postli_1                      0x0800014f   Thumb Code     0  __rtentry2.o(.ARM.Collect$$rtentry$$0000000C)
    __rt_exit                                0x08000157   Thumb Code     0  rtexit.o(.ARM.Collect$$rtexit$$00000000)
    __rt_exit_ls                             0x08000159   Thumb Code     0  rtexit2.o(.ARM.Collect$$rtexit$$00000003)
    __rt_exit_prels_1                        0x08000159   Thumb Code     0  rtexit2.o(.ARM.Collect$$rtexit$$00000002)
    __rt_exit_exit                           0x0800015d   Thumb Code     0  rtexit2.o(.ARM.Collect$$rtexit$$00000004)
    Reset_Handler                            0x08000165   Thumb Code     8  startup_stm32c031xx.o(.text)
    NMI_Handler                              0x0800016d   Thumb Code     2  startup_stm32c031xx.o(.text)
    HardFault_Handler                        0x0800016f   Thumb Code     2  startup_stm32c031xx.o(.text)
    SVC_Handler                              0x08000171   Thumb Code     2  startup_stm32c031xx.o(.text)
    PendSV_Handler                           0x08000173   Thumb Code     2  startup_stm32c031xx.o(.text)
    ADC1_IRQHandler                          0x08000177   Thumb Code     0  startup_stm32c031xx.o(.text)
    DMA1_Channel1_IRQHandler                 0x08000177   Thumb Code     0  startup_stm32c031xx.o(.text)
    DMA1_Channel2_3_IRQHandler               0x08000177   Thumb Code     0  startup_stm32c031xx.o(.text)
    DMAMUX1_IRQHandler                       0x08000177   Thumb Code     0  startup_stm32c031xx.o(.text)
    EXTI0_1_IRQHandler                       0x08000177   Thumb Code     0  startup_stm32c031xx.o(.text)
    EXTI2_3_IRQHandler                       0x08000177   Thumb Code     0  startup_stm32c031xx.o(.text)
    EXTI4_15_IRQHandler                      0x08000177   Thumb Code     0  startup_stm32c031xx.o(.text)
    FLASH_IRQHandler                         0x08000177   Thumb Code     0  startup_stm32c031xx.o(.text)
    RCC_IRQHandler                           0x08000177   Thumb Code     0  startup_stm32c031xx.o(.text)
    RTC_IRQHandler                           0x08000177   Thumb Code     0  startup_stm32c031xx.o(.text)
    SPI1_IRQHandler                          0x08000177   Thumb Code     0  startup_stm32c031xx.o(.text)
    TIM14_IRQHandler                         0x08000177   Thumb Code     0  startup_stm32c031xx.o(.text)
    TIM16_IRQHandler                         0x08000177   Thumb Code     0  startup_stm32c031xx.o(.text)
    TIM17_IRQHandler                         0x08000177   Thumb Code     0  startup_stm32c031xx.o(.text)
    TIM1_BRK_UP_TRG_COM_IRQHandler           0x08000177   Thumb Code     0  startup_stm32c031xx.o(.text)
    TIM1_CC_IRQHandler                       0x08000177   Thumb Code     0  startup_stm32c031xx.o(.text)
    TIM3_IRQHandler                          0x08000177   Thumb Code     0  startup_stm32c031xx.o(.text)
    USART1_IRQHandler                        0x08000177   Thumb Code     0  startup_stm32c031xx.o(.text)
    USART2_IRQHandler                        0x08000177   Thumb Code     0  startup_stm32c031xx.o(.text)
    WWDG_IRQHandler                          0x08000177   Thumb Code     0  startup_stm32c031xx.o(.text)
    __user_initial_stackheap                 0x08000179   Thumb Code     0  startup_stm32c031xx.o(.text)
    __aeabi_uidiv                            0x0800019d   Thumb Code     0  aeabi_sdiv.o(.text)
    __aeabi_uidivmod                         0x0800019d   Thumb Code    20  aeabi_sdiv.o(.text)
    __aeabi_idiv                             0x080001b1   Thumb Code     0  aeabi_sdiv.o(.text)
    __aeabi_idivmod                          0x080001b1   Thumb Code   338  aeabi_sdiv.o(.text)
    __use_two_region_memory                  0x08000309   Thumb Code     2  heapauxi.o(.text)
    __rt_heap_escrow$2region                 0x0800030b   Thumb Code     2  heapauxi.o(.text)
    __rt_heap_expand$2region                 0x0800030d   Thumb Code     2  heapauxi.o(.text)
    __aeabi_d2f                              0x08000311   Thumb Code     0  d2f.o(.text)
    _d2f                                     0x08000311   Thumb Code   120  d2f.o(.text)
    __aeabi_i2d_normalise                    0x0800038d   Thumb Code    66  dflti.o(.text)
    __aeabi_i2d                              0x080003cf   Thumb Code    16  dflti.o(.text)
    _dflt                                    0x080003cf   Thumb Code     0  dflti.o(.text)
    __aeabi_ui2d                             0x080003df   Thumb Code     6  dflti.o(.text)
    _dfltu                                   0x080003df   Thumb Code     0  dflti.o(.text)
    __aeabi_dmul                             0x080003e5   Thumb Code     0  dmul.o(.text)
    _dmul                                    0x080003e5   Thumb Code   558  dmul.o(.text)
    __user_setup_stackheap                   0x0800062d   Thumb Code    62  sys_stackheap_outer.o(.text)
    exit                                     0x0800066b   Thumb Code    16  exit.o(.text)
    __user_libspace                          0x0800067d   Thumb Code     8  libspace.o(.text)
    __user_perproc_libspace                  0x0800067d   Thumb Code     0  libspace.o(.text)
    __user_perthread_libspace                0x0800067d   Thumb Code     0  libspace.o(.text)
    _sys_exit                                0x08000685   Thumb Code     8  sys_exit.o(.text)
    __I$use$semihosting                      0x08000691   Thumb Code     0  use_no_semi.o(.text)
    __use_no_semihosting_swi                 0x08000691   Thumb Code     2  use_no_semi.o(.text)
    __semihosting_library_function           0x08000693   Thumb Code     0  indicate_semi.o(.text)
    I2C1_IRQHandler                          0x08000695   Thumb Code    16  i2c.o(.text.I2C1_IRQHandler)
    SysTick_Handler                          0x080006ad   Thumb Code    12  systick.o(.text.SysTick_Handler)
    SystemInit                               0x080006b9   Thumb Code    12  system_stm32c0xx.o(.text.SystemInit)
    clk_initBSP                              0x080006c9   Thumb Code    56  clk.o(.text.clk_initBSP)
    delay_ms                                 0x08000705   Thumb Code    20  systick.o(.text.delay_ms)
    i2c_24C02Read                            0x08000719   Thumb Code    56  i2c.o(.text.i2c_24C02Read)
    i2c_initMaster                           0x08000755   Thumb Code    56  i2c.o(.text.i2c_initMaster)
    i2c_lm75GetTemp                          0x0800079d   Thumb Code    46  i2c.o(.text.i2c_lm75GetTemp)
    i2c_readPtr                              0x080007cd   Thumb Code   184  i2c.o(.text.i2c_readPtr)
    main                                     0x08000889   Thumb Code   104  main.o(.text.main)
    millis                                   0x08000901   Thumb Code     8  systick.o(.text.millis)
    systick_init                             0x0800090d   Thumb Code    48  systick.o(.text.systick_init)
    Region$$Table$$Base                      0x08000944   Number         0  anon$$obj.o(Region$$Table)
    __I$use$fp                               0x08000944   Number         0  usenofp.o(x$fpl$usenofp)
    Region$$Table$$Limit                     0x08000954   Number         0  anon$$obj.o(Region$$Table)
    __libspace_start                         0x20000000   Data          96  libspace.o(.bss)
    __temporary_stack_top$libspace           0x20000060   Data           0  libspace.o(.bss)
    degC_temp                                0x20000060   Data           4  main.o(.bss.degC_temp)
    i2c_millis                               0x20000064   Data           4  main.o(.bss.i2c_millis)
    millis_counter                           0x20000068   Data           4  systick.o(.bss.millis_counter)



==============================================================================

Memory Map of the image

  Image Entry point : 0x080000c1

  Load Region LR_IROM1 (Base: 0x08000000, Size: 0x00000954, Max: 0x00008000, ABSOLUTE)

    Execution Region ER_IROM1 (Exec base: 0x08000000, Load base: 0x08000000, Size: 0x00000954, Max: 0x00008000, ABSOLUTE)

    Exec Addr    Load Addr    Size         Type   Attr      Idx    E Section Name        Object

    0x08000000   0x08000000   0x000000c0   Data   RO           78    RESET               startup_stm32c031xx.o
    0x080000c0   0x080000c0   0x00000008   Code   RO          108  * !!!main             c_p.l(__main.o)
    0x080000c8   0x080000c8   0x00000054   Code   RO          292    !!!scatter          c_p.l(__scatter.o)
    0x0800011c   0x0800011c   0x00000002   Code   RO          293    !!handler_null      c_p.l(__scatter.o)
    0x0800011e   0x0800011e   0x00000002   PAD
    0x08000120   0x08000120   0x0000001c   Code   RO          296    !!handler_zi        c_p.l(__scatter_zi.o)
    0x0800013c   0x0800013c   0x00000002   Code   RO          153    .ARM.Collect$$libinit$$00000000  c_p.l(libinit.o)
    0x0800013e   0x0800013e   0x00000000   Code   RO          167    .ARM.Collect$$libinit$$00000002  c_p.l(libinit2.o)
    0x0800013e   0x0800013e   0x00000000   Code   RO          169    .ARM.Collect$$libinit$$00000004  c_p.l(libinit2.o)
    0x0800013e   0x0800013e   0x00000000   Code   RO          171    .ARM.Collect$$libinit$$00000006  c_p.l(libinit2.o)
    0x0800013e   0x0800013e   0x00000000   Code   RO          174    .ARM.Collect$$libinit$$0000000C  c_p.l(libinit2.o)
    0x0800013e   0x0800013e   0x00000000   Code   RO          176    .ARM.Collect$$libinit$$0000000E  c_p.l(libinit2.o)
    0x0800013e   0x0800013e   0x00000000   Code   RO          178    .ARM.Collect$$libinit$$00000010  c_p.l(libinit2.o)
    0x0800013e   0x0800013e   0x00000000   Code   RO          181    .ARM.Collect$$libinit$$00000013  c_p.l(libinit2.o)
    0x0800013e   0x0800013e   0x00000000   Code   RO          183    .ARM.Collect$$libinit$$00000015  c_p.l(libinit2.o)
    0x0800013e   0x0800013e   0x00000000   Code   RO          185    .ARM.Collect$$libinit$$00000017  c_p.l(libinit2.o)
    0x0800013e   0x0800013e   0x00000000   Code   RO          187    .ARM.Collect$$libinit$$00000019  c_p.l(libinit2.o)
    0x0800013e   0x0800013e   0x00000000   Code   RO          189    .ARM.Collect$$libinit$$0000001B  c_p.l(libinit2.o)
    0x0800013e   0x0800013e   0x00000000   Code   RO          191    .ARM.Collect$$libinit$$0000001D  c_p.l(libinit2.o)
    0x0800013e   0x0800013e   0x00000000   Code   RO          193    .ARM.Collect$$libinit$$0000001F  c_p.l(libinit2.o)
    0x0800013e   0x0800013e   0x00000000   Code   RO          195    .ARM.Collect$$libinit$$00000021  c_p.l(libinit2.o)
    0x0800013e   0x0800013e   0x00000000   Code   RO          197    .ARM.Collect$$libinit$$00000023  c_p.l(libinit2.o)
    0x0800013e   0x0800013e   0x00000000   Code   RO          199    .ARM.Collect$$libinit$$00000025  c_p.l(libinit2.o)
    0x0800013e   0x0800013e   0x00000000   Code   RO          201    .ARM.Collect$$libinit$$00000027  c_p.l(libinit2.o)
    0x0800013e   0x0800013e   0x00000000   Code   RO          205    .ARM.Collect$$libinit$$0000002E  c_p.l(libinit2.o)
    0x0800013e   0x0800013e   0x00000000   Code   RO          207    .ARM.Collect$$libinit$$00000030  c_p.l(libinit2.o)
    0x0800013e   0x0800013e   0x00000000   Code   RO          209    .ARM.Collect$$libinit$$00000032  c_p.l(libinit2.o)
    0x0800013e   0x0800013e   0x00000000   Code   RO          211    .ARM.Collect$$libinit$$00000034  c_p.l(libinit2.o)
    0x0800013e   0x0800013e   0x00000002   Code   RO          212    .ARM.Collect$$libinit$$00000035  c_p.l(libinit2.o)
    0x08000140   0x08000140   0x00000002   Code   RO          247    .ARM.Collect$$libshutdown$$00000000  c_p.l(libshutdown.o)
    0x08000142   0x08000142   0x00000000   Code   RO          275    .ARM.Collect$$libshutdown$$00000002  c_p.l(libshutdown2.o)
    0x08000142   0x08000142   0x00000000   Code   RO          277    .ARM.Collect$$libshutdown$$00000004  c_p.l(libshutdown2.o)
    0x08000142   0x08000142   0x00000000   Code   RO          280    .ARM.Collect$$libshutdown$$00000007  c_p.l(libshutdown2.o)
    0x08000142   0x08000142   0x00000000   Code   RO          283    .ARM.Collect$$libshutdown$$0000000A  c_p.l(libshutdown2.o)
    0x08000142   0x08000142   0x00000000   Code   RO          285    .ARM.Collect$$libshutdown$$0000000C  c_p.l(libshutdown2.o)
    0x08000142   0x08000142   0x00000000   Code   RO          288    .ARM.Collect$$libshutdown$$0000000F  c_p.l(libshutdown2.o)
    0x08000142   0x08000142   0x00000002   Code   RO          289    .ARM.Collect$$libshutdown$$00000010  c_p.l(libshutdown2.o)
    0x08000144   0x08000144   0x00000000   Code   RO          116    .ARM.Collect$$rtentry$$00000000  c_p.l(__rtentry.o)
    0x08000144   0x08000144   0x00000000   Code   RO          123    .ARM.Collect$$rtentry$$00000002  c_p.l(__rtentry2.o)
    0x08000144   0x08000144   0x00000006   Code   RO          135    .ARM.Collect$$rtentry$$00000004  c_p.l(__rtentry4.o)
    0x0800014a   0x0800014a   0x00000000   Code   RO          125    .ARM.Collect$$rtentry$$00000009  c_p.l(__rtentry2.o)
    0x0800014a   0x0800014a   0x00000004   Code   RO          126    .ARM.Collect$$rtentry$$0000000A  c_p.l(__rtentry2.o)
    0x0800014e   0x0800014e   0x00000000   Code   RO          128    .ARM.Collect$$rtentry$$0000000C  c_p.l(__rtentry2.o)
    0x0800014e   0x0800014e   0x00000008   Code   RO          129    .ARM.Collect$$rtentry$$0000000D  c_p.l(__rtentry2.o)
    0x08000156   0x08000156   0x00000002   Code   RO          158    .ARM.Collect$$rtexit$$00000000  c_p.l(rtexit.o)
    0x08000158   0x08000158   0x00000000   Code   RO          218    .ARM.Collect$$rtexit$$00000002  c_p.l(rtexit2.o)
    0x08000158   0x08000158   0x00000004   Code   RO          219    .ARM.Collect$$rtexit$$00000003  c_p.l(rtexit2.o)
    0x0800015c   0x0800015c   0x00000006   Code   RO          220    .ARM.Collect$$rtexit$$00000004  c_p.l(rtexit2.o)
    0x08000162   0x08000162   0x00000002   PAD
    0x08000164   0x08000164   0x00000038   Code   RO           79    .text               startup_stm32c031xx.o
    0x0800019c   0x0800019c   0x0000016c   Code   RO          102    .text               c_p.l(aeabi_sdiv.o)
    0x08000308   0x08000308   0x00000006   Code   RO          106    .text               c_p.l(heapauxi.o)
    0x0800030e   0x0800030e   0x00000002   PAD
    0x08000310   0x08000310   0x0000007c   Code   RO          110    .text               fz_ps.l(d2f.o)
    0x0800038c   0x0800038c   0x00000058   Code   RO          112    .text               fz_ps.l(dflti.o)
    0x080003e4   0x080003e4   0x00000248   Code   RO          114    .text               fz_ps.l(dmul.o)
    0x0800062c   0x0800062c   0x0000003e   Code   RO          139    .text               c_p.l(sys_stackheap_outer.o)
    0x0800066a   0x0800066a   0x00000010   Code   RO          142    .text               c_p.l(exit.o)
    0x0800067a   0x0800067a   0x00000002   PAD
    0x0800067c   0x0800067c   0x00000008   Code   RO          154    .text               c_p.l(libspace.o)
    0x08000684   0x08000684   0x0000000c   Code   RO          213    .text               c_p.l(sys_exit.o)
    0x08000690   0x08000690   0x00000002   Code   RO          236    .text               c_p.l(use_no_semi.o)
    0x08000692   0x08000692   0x00000000   Code   RO          238    .text               c_p.l(indicate_semi.o)
    0x08000692   0x08000692   0x00000002   PAD
    0x08000694   0x08000694   0x00000018   Code   RO           49    .text.I2C1_IRQHandler  i2c.o
    0x080006ac   0x080006ac   0x0000000c   Code   RO           32    .text.SysTick_Handler  systick.o
    0x080006b8   0x080006b8   0x00000010   Code   RO           86    .text.SystemInit    system_stm32c0xx.o
    0x080006c8   0x080006c8   0x0000003c   Code   RO           23    .text.clk_initBSP   clk.o
    0x08000704   0x08000704   0x00000014   Code   RO           38    .text.delay_ms      systick.o
    0x08000718   0x08000718   0x0000003c   Code   RO           63    .text.i2c_24C02Read  i2c.o
    0x08000754   0x08000754   0x00000048   Code   RO           51    .text.i2c_initMaster  i2c.o
    0x0800079c   0x0800079c   0x0000002e   Code   RO           67    .text.i2c_lm75GetTemp  i2c.o
    0x080007ca   0x080007ca   0x00000002   PAD
    0x080007cc   0x080007cc   0x000000bc   Code   RO           61    .text.i2c_readPtr   i2c.o
    0x08000888   0x08000888   0x00000078   Code   RO            4    .text.main          main.o
    0x08000900   0x08000900   0x0000000c   Code   RO           36    .text.millis        systick.o
    0x0800090c   0x0800090c   0x00000038   Code   RO           34    .text.systick_init  systick.o
    0x08000944   0x08000944   0x00000000   Code   RO          121    x$fpl$usenofp       fz_ps.l(usenofp.o)
    0x08000944   0x08000944   0x00000010   Data   RO          291    Region$$Table       anon$$obj.o


    Execution Region RW_IRAM1 (Exec base: 0x20000000, Load base: 0x08000954, Size: 0x00000670, Max: 0x00003000, ABSOLUTE)

    Exec Addr    Load Addr    Size         Type   Attr      Idx    E Section Name        Object

    0x20000000        -       0x00000060   Zero   RW          155    .bss                c_p.l(libspace.o)
    0x20000060        -       0x00000004   Zero   RW            8    .bss.degC_temp      main.o
    0x20000064        -       0x00000004   Zero   RW            6    .bss.i2c_millis     main.o
    0x20000068        -       0x00000004   Zero   RW           40    .bss.millis_counter  systick.o
    0x2000006c   0x08000954   0x00000004   PAD
    0x20000070        -       0x00000200   Zero   RW           77    HEAP                startup_stm32c031xx.o
    0x20000270        -       0x00000400   Zero   RW           76    STACK               startup_stm32c031xx.o


==============================================================================

Image component sizes


      Code (inc. data)   RO Data    RW Data    ZI Data      Debug   Object Name

        60          4          0          0          0       1688   clk.o
       390         36          0          0          0       4965   i2c.o
       120         16          0          0          8       1463   main.o
        56         26        192          0       1536        712   startup_stm32c031xx.o
        16          4          0          0          0       2068   system_stm32c0xx.o
       100         12          0          0          4       2914   systick.o

    ----------------------------------------------------------------------
       744         98        208          0       1552      13810   Object Totals
         0          0         16          0          0          0   (incl. Generated)
         2          0          0          0          4          0   (incl. Padding)

    ----------------------------------------------------------------------

      Code (inc. data)   RO Data    RW Data    ZI Data      Debug   Library Member Name

         8          0          0          0          0         68   __main.o
         0          0          0          0          0          0   __rtentry.o
        12          0          0          0          0          0   __rtentry2.o
         6          0          0          0          0          0   __rtentry4.o
        86         10          0          0          0          0   __scatter.o
        28          0          0          0          0          0   __scatter_zi.o
       364          4          0          0          0         92   aeabi_sdiv.o
        16          0          0          0          0         68   exit.o
         6          0          0          0          0        136   heapauxi.o
         0          0          0          0          0          0   indicate_semi.o
         2          0          0          0          0          0   libinit.o
         2          0          0          0          0          0   libinit2.o
         2          0          0          0          0          0   libshutdown.o
         2          0          0          0          0          0   libshutdown2.o
         8          4          0          0         96         68   libspace.o
         2          0          0          0          0          0   rtexit.o
        10          0          0          0          0          0   rtexit2.o
        12          4          0          0          0         60   sys_exit.o
        62          0          0          0          0         80   sys_stackheap_outer.o
         2          0          0          0          0         68   use_no_semi.o
       124          4          0          0          0         72   d2f.o
        88          0          0          0          0         92   dflti.o
       584         26          0          0          0         84   dmul.o
         0          0          0          0          0          0   usenofp.o

    ----------------------------------------------------------------------
      1436         52          0          0         96        888   Library Totals
        10          0          0          0          0          0   (incl. Padding)

    ----------------------------------------------------------------------

      Code (inc. data)   RO Data    RW Data    ZI Data      Debug   Library Name

       630         22          0          0         96        640   c_p.l
       796         30          0          0          0        248   fz_ps.l

    ----------------------------------------------------------------------
      1436         52          0          0         96        888   Library Totals

    ----------------------------------------------------------------------

==============================================================================


      Code (inc. data)   RO Data    RW Data    ZI Data      Debug   

      2180        150        208          0       1648      14342   Grand Totals
      2180        150        208          0       1648      14342   ELF Image Totals
      2180        150        208          0          0          0   ROM Totals

==============================================================================

    Total RO  Size (Code + RO Data)                 2388 (   2.33kB)
    Total RW  Size (RW Data + ZI Data)              1648 (   1.61kB)
    Total ROM Size (Code + RO Data + RW Data)       2388 (   2.33kB)

==============================================================================

