Component: Arm Compiler for Embedded 6.21 Tool: armlink [5ec1fa00]

==============================================================================

Section Cross References

    main.o(.ARM.exidx.text.GPIO_init) refers to main.o(.text.GPIO_init) for [Anonymous Symbol]
    main.o(.text.main) refers to clk.o(.text.clk_initBSP) for clk_initBSP
    main.o(.text.main) refers to systick.o(.text.systick_init) for systick_init
    main.o(.text.main) refers to main.o(.text.GPIO_init) for GPIO_init
    main.o(.text.main) refers to i2c.o(.text.i2c_initMaster) for i2c_initMaster
    main.o(.text.main) refers to systick.o(.text.delay_ms) for delay_ms
    main.o(.text.main) refers to i2c.o(.text.i2c_24C02Write) for i2c_24C02Write
    main.o(.text.main) refers to systick.o(.text.millis) for millis
    main.o(.text.main) refers to i2c.o(.text.i2c_24C02Read) for i2c_24C02Read
    main.o(.text.main) refers to memcmp.o(.text) for memcmp
    main.o(.text.main) refers to main.o(.rodata.str1.1) for [Anonymous Symbol]
    main.o(.text.main) refers to main.o(.bss.i2c_millis) for i2c_millis
    main.o(.text.main) refers to main.o(.bss.temp) for temp
    main.o(.text.main) refers to main.o(.data.ret) for ret
    main.o(.text.main) refers to main.o(.bss.blink_millis) for blink_millis
    main.o(.ARM.exidx.text.main) refers to main.o(.text.main) for [Anonymous Symbol]
    clk.o(.ARM.exidx.text.clk_setupHSE) refers to clk.o(.text.clk_setupHSE) for [Anonymous Symbol]
    clk.o(.ARM.exidx.text.clk_enableGPIOClk) refers to clk.o(.text.clk_enableGPIOClk) for [Anonymous Symbol]
    clk.o(.ARM.exidx.text.clk_enableI2CClk) refers to clk.o(.text.clk_enableI2CClk) for [Anonymous Symbol]
    clk.o(.text.clk_initBSP) refers to clk.o(.text.clk_enableGPIOClk) for clk_enableGPIOClk
    clk.o(.text.clk_initBSP) refers to clk.o(.text.clk_enableI2CClk) for clk_enableI2CClk
    clk.o(.ARM.exidx.text.clk_initBSP) refers to clk.o(.text.clk_initBSP) for [Anonymous Symbol]
    i2c.o(.ARM.exidx.text.I2C1_IRQHandler) refers to i2c.o(.text.I2C1_IRQHandler) for [Anonymous Symbol]
    i2c.o(.ARM.exidx.text.i2c_initMaster) refers to i2c.o(.text.i2c_initMaster) for [Anonymous Symbol]
    i2c.o(.ARM.exidx.text.i2c_start) refers to i2c.o(.text.i2c_start) for [Anonymous Symbol]
    i2c.o(.ARM.exidx.text.i2c_stop) refers to i2c.o(.text.i2c_stop) for [Anonymous Symbol]
    i2c.o(.ARM.exidx.text.i2c_write) refers to i2c.o(.text.i2c_write) for [Anonymous Symbol]
    i2c.o(.ARM.exidx.text.i2c_writePtr) refers to i2c.o(.text.i2c_writePtr) for [Anonymous Symbol]
    i2c.o(.ARM.exidx.text.i2c_readPtr) refers to i2c.o(.text.i2c_readPtr) for [Anonymous Symbol]
    i2c.o(.text.i2c_24C02Read) refers to i2c.o(.text.i2c_readPtr) for i2c_readPtr
    i2c.o(.ARM.exidx.text.i2c_24C02Read) refers to i2c.o(.text.i2c_24C02Read) for [Anonymous Symbol]
    i2c.o(.ARM.exidx.text.i2c_24C02Write) refers to i2c.o(.text.i2c_24C02Write) for [Anonymous Symbol]
    systick.o(.text.SysTick_Handler) refers to systick.o(.bss.millis_counter) for millis_counter
    systick.o(.ARM.exidx.text.SysTick_Handler) refers to systick.o(.text.SysTick_Handler) for [Anonymous Symbol]
    systick.o(.text.systick_init) refers to aeabi_sdiv.o(.text) for __aeabi_uidiv
    systick.o(.text.systick_init) refers to systick.o(.text.__NVIC_SetPriority) for __NVIC_SetPriority
    systick.o(.text.systick_init) refers to systick.o(.text.__NVIC_ClearPendingIRQ) for __NVIC_ClearPendingIRQ
    systick.o(.text.systick_init) refers to systick.o(.text.__NVIC_EnableIRQ) for __NVIC_EnableIRQ
    systick.o(.ARM.exidx.text.systick_init) refers to systick.o(.text.systick_init) for [Anonymous Symbol]
    systick.o(.ARM.exidx.text.__NVIC_SetPriority) refers to systick.o(.text.__NVIC_SetPriority) for [Anonymous Symbol]
    systick.o(.ARM.exidx.text.__NVIC_ClearPendingIRQ) refers to systick.o(.text.__NVIC_ClearPendingIRQ) for [Anonymous Symbol]
    systick.o(.ARM.exidx.text.__NVIC_EnableIRQ) refers to systick.o(.text.__NVIC_EnableIRQ) for [Anonymous Symbol]
    systick.o(.text.millis) refers to systick.o(.bss.millis_counter) for millis_counter
    systick.o(.ARM.exidx.text.millis) refers to systick.o(.text.millis) for [Anonymous Symbol]
    systick.o(.text.delay_ms) refers to systick.o(.text.millis) for millis
    systick.o(.text.delay_ms) refers to systick.o(.bss.delay_ms.elapsed) for [Anonymous Symbol]
    systick.o(.ARM.exidx.text.delay_ms) refers to systick.o(.text.delay_ms) for [Anonymous Symbol]
    startup_stm32c031xx.o(STACK) refers (Special) to heapauxi.o(.text) for __use_two_region_memory
    startup_stm32c031xx.o(HEAP) refers (Special) to heapauxi.o(.text) for __use_two_region_memory
    startup_stm32c031xx.o(RESET) refers (Special) to heapauxi.o(.text) for __use_two_region_memory
    startup_stm32c031xx.o(RESET) refers to startup_stm32c031xx.o(STACK) for __initial_sp
    startup_stm32c031xx.o(RESET) refers to startup_stm32c031xx.o(.text) for Reset_Handler
    startup_stm32c031xx.o(RESET) refers to systick.o(.text.SysTick_Handler) for SysTick_Handler
    startup_stm32c031xx.o(RESET) refers to i2c.o(.text.I2C1_IRQHandler) for I2C1_IRQHandler
    startup_stm32c031xx.o(.text) refers (Special) to heapauxi.o(.text) for __use_two_region_memory
    startup_stm32c031xx.o(.text) refers to system_stm32c0xx.o(.text.SystemInit) for SystemInit
    startup_stm32c031xx.o(.text) refers to __main.o(!!!main) for __main
    startup_stm32c031xx.o(.text) refers to startup_stm32c031xx.o(HEAP) for Heap_Mem
    startup_stm32c031xx.o(.text) refers to startup_stm32c031xx.o(STACK) for Stack_Mem
    system_stm32c0xx.o(.ARM.exidx.text.SystemInit) refers to system_stm32c0xx.o(.text.SystemInit) for [Anonymous Symbol]
    system_stm32c0xx.o(.text.SystemCoreClockUpdate) refers to aeabi_sdiv.o(.text) for __aeabi_uidiv
    system_stm32c0xx.o(.text.SystemCoreClockUpdate) refers to system_stm32c0xx.o(.data.SystemCoreClock) for SystemCoreClock
    system_stm32c0xx.o(.text.SystemCoreClockUpdate) refers to system_stm32c0xx.o(.rodata.AHBPrescTable) for AHBPrescTable
    system_stm32c0xx.o(.ARM.exidx.text.SystemCoreClockUpdate) refers to system_stm32c0xx.o(.text.SystemCoreClockUpdate) for [Anonymous Symbol]
    __main.o(!!!main) refers to __rtentry.o(.ARM.Collect$$rtentry$$00000000) for __rt_entry
    __rtentry.o(.ARM.Collect$$rtentry$$00000000) refers (Special) to __rtentry2.o(.ARM.Collect$$rtentry$$0000000A) for __rt_entry_li
    __rtentry.o(.ARM.Collect$$rtentry$$00000000) refers (Special) to __rtentry2.o(.ARM.Collect$$rtentry$$0000000D) for __rt_entry_main
    __rtentry.o(.ARM.Collect$$rtentry$$00000000) refers (Special) to __rtentry2.o(.ARM.Collect$$rtentry$$0000000C) for __rt_entry_postli_1
    __rtentry.o(.ARM.Collect$$rtentry$$00000000) refers (Special) to __rtentry2.o(.ARM.Collect$$rtentry$$00000009) for __rt_entry_postsh_1
    __rtentry.o(.ARM.Collect$$rtentry$$00000000) refers (Special) to __rtentry2.o(.ARM.Collect$$rtentry$$00000002) for __rt_entry_presh_1
    __rtentry.o(.ARM.Collect$$rtentry$$00000000) refers (Special) to __rtentry4.o(.ARM.Collect$$rtentry$$00000004) for __rt_entry_sh
    aeabi_idiv0_sigfpe.o(.text) refers to rt_div0.o(.text) for __rt_div0
    __rtentry2.o(.ARM.Collect$$rtentry$$00000008) refers to boardinit2.o(.text) for _platform_post_stackheap_init
    __rtentry2.o(.ARM.Collect$$rtentry$$0000000A) refers to libinit.o(.ARM.Collect$$libinit$$00000000) for __rt_lib_init
    __rtentry2.o(.ARM.Collect$$rtentry$$0000000B) refers to boardinit3.o(.text) for _platform_post_lib_init
    __rtentry2.o(.ARM.Collect$$rtentry$$0000000D) refers to main.o(.text.main) for main
    __rtentry2.o(.ARM.Collect$$rtentry$$0000000D) refers to exit.o(.text) for exit
    __rtentry2.o(.ARM.exidx) refers to __rtentry2.o(.ARM.Collect$$rtentry$$00000001) for .ARM.Collect$$rtentry$$00000001
    __rtentry2.o(.ARM.exidx) refers to __rtentry2.o(.ARM.Collect$$rtentry$$00000008) for .ARM.Collect$$rtentry$$00000008
    __rtentry2.o(.ARM.exidx) refers to __rtentry2.o(.ARM.Collect$$rtentry$$0000000A) for .ARM.Collect$$rtentry$$0000000A
    __rtentry2.o(.ARM.exidx) refers to __rtentry2.o(.ARM.Collect$$rtentry$$0000000B) for .ARM.Collect$$rtentry$$0000000B
    __rtentry2.o(.ARM.exidx) refers to __rtentry2.o(.ARM.Collect$$rtentry$$0000000D) for .ARM.Collect$$rtentry$$0000000D
    __rtentry4.o(.ARM.Collect$$rtentry$$00000004) refers to sys_stackheap_outer.o(.text) for __user_setup_stackheap
    __rtentry4.o(.ARM.exidx) refers to __rtentry4.o(.ARM.Collect$$rtentry$$00000004) for .ARM.Collect$$rtentry$$00000004
    rt_div0.o(.text) refers to defsig_fpe_outer.o(.text) for __rt_SIGFPE
    sys_stackheap_outer.o(.text) refers to libspace.o(.text) for __user_perproc_libspace
    sys_stackheap_outer.o(.text) refers to startup_stm32c031xx.o(.text) for __user_initial_stackheap
    sys_stackheap_outer.o(__vectab_stack_and_reset_area) refers to tempstk.o(.text) for __temporary_stack_top
    sys_stackheap_outer.o(__vectab_stack_and_reset_area) refers to __main.o(!!!main) for __main
    exit.o(.text) refers to rtexit.o(.ARM.Collect$$rtexit$$00000000) for __rt_exit
    defsig_fpe_outer.o(.text) refers to defsig_fpe_inner.o(.text) for __rt_SIGFPE_inner
    defsig_fpe_outer.o(.text) refers to defsig_exit.o(.text) for __sig_exit
    defsig_fpe_formal.o(.text) refers to rt_raise.o(.text) for __rt_raise
    libinit.o(.ARM.Collect$$libinit$$00000000) refers (Special) to libinit2.o(.ARM.Collect$$libinit$$00000030) for __rt_lib_init_alloca_1
    libinit.o(.ARM.Collect$$libinit$$00000000) refers (Special) to libinit2.o(.ARM.Collect$$libinit$$0000002E) for __rt_lib_init_argv_1
    libinit.o(.ARM.Collect$$libinit$$00000000) refers (Special) to libinit2.o(.ARM.Collect$$libinit$$0000001D) for __rt_lib_init_atexit_1
    libinit.o(.ARM.Collect$$libinit$$00000000) refers (Special) to libinit2.o(.ARM.Collect$$libinit$$00000023) for __rt_lib_init_clock_1
    libinit.o(.ARM.Collect$$libinit$$00000000) refers (Special) to libinit2.o(.ARM.Collect$$libinit$$00000034) for __rt_lib_init_cpp_1
    libinit.o(.ARM.Collect$$libinit$$00000000) refers (Special) to libinit2.o(.ARM.Collect$$libinit$$00000032) for __rt_lib_init_exceptions_1
    libinit.o(.ARM.Collect$$libinit$$00000000) refers (Special) to libinit2.o(.ARM.Collect$$libinit$$00000002) for __rt_lib_init_fp_1
    libinit.o(.ARM.Collect$$libinit$$00000000) refers (Special) to libinit2.o(.ARM.Collect$$libinit$$00000021) for __rt_lib_init_fp_trap_1
    libinit.o(.ARM.Collect$$libinit$$00000000) refers (Special) to libinit2.o(.ARM.Collect$$libinit$$00000025) for __rt_lib_init_getenv_1
    libinit.o(.ARM.Collect$$libinit$$00000000) refers (Special) to libinit2.o(.ARM.Collect$$libinit$$0000000C) for __rt_lib_init_heap_1
    libinit.o(.ARM.Collect$$libinit$$00000000) refers (Special) to libinit2.o(.ARM.Collect$$libinit$$00000013) for __rt_lib_init_lc_collate_1
    libinit.o(.ARM.Collect$$libinit$$00000000) refers (Special) to libinit2.o(.ARM.Collect$$libinit$$00000015) for __rt_lib_init_lc_ctype_1
    libinit.o(.ARM.Collect$$libinit$$00000000) refers (Special) to libinit2.o(.ARM.Collect$$libinit$$00000017) for __rt_lib_init_lc_monetary_1
    libinit.o(.ARM.Collect$$libinit$$00000000) refers (Special) to libinit2.o(.ARM.Collect$$libinit$$00000019) for __rt_lib_init_lc_numeric_1
    libinit.o(.ARM.Collect$$libinit$$00000000) refers (Special) to libinit2.o(.ARM.Collect$$libinit$$0000001B) for __rt_lib_init_lc_time_1
    libinit.o(.ARM.Collect$$libinit$$00000000) refers (Special) to libinit2.o(.ARM.Collect$$libinit$$00000006) for __rt_lib_init_preinit_1
    libinit.o(.ARM.Collect$$libinit$$00000000) refers (Special) to libinit2.o(.ARM.Collect$$libinit$$00000010) for __rt_lib_init_rand_1
    libinit.o(.ARM.Collect$$libinit$$00000000) refers (Special) to libinit2.o(.ARM.Collect$$libinit$$00000004) for __rt_lib_init_relocate_pie_1
    libinit.o(.ARM.Collect$$libinit$$00000000) refers (Special) to libinit2.o(.ARM.Collect$$libinit$$00000035) for __rt_lib_init_return
    libinit.o(.ARM.Collect$$libinit$$00000000) refers (Special) to libinit2.o(.ARM.Collect$$libinit$$0000001F) for __rt_lib_init_signal_1
    libinit.o(.ARM.Collect$$libinit$$00000000) refers (Special) to libinit2.o(.ARM.Collect$$libinit$$00000027) for __rt_lib_init_stdio_1
    libinit.o(.ARM.Collect$$libinit$$00000000) refers (Special) to libinit2.o(.ARM.Collect$$libinit$$0000000E) for __rt_lib_init_user_alloc_1
    libspace.o(.text) refers to libspace.o(.bss) for __libspace_start
    rtexit.o(.ARM.Collect$$rtexit$$00000000) refers (Special) to rtexit2.o(.ARM.Collect$$rtexit$$00000004) for __rt_exit_exit
    rtexit.o(.ARM.Collect$$rtexit$$00000000) refers (Special) to rtexit2.o(.ARM.Collect$$rtexit$$00000003) for __rt_exit_ls
    rtexit.o(.ARM.Collect$$rtexit$$00000000) refers (Special) to rtexit2.o(.ARM.Collect$$rtexit$$00000002) for __rt_exit_prels_1
    rtexit.o(.ARM.exidx) refers (Special) to rtexit2.o(.ARM.Collect$$rtexit$$00000004) for __rt_exit_exit
    rtexit.o(.ARM.exidx) refers (Special) to rtexit2.o(.ARM.Collect$$rtexit$$00000003) for __rt_exit_ls
    rtexit.o(.ARM.exidx) refers (Special) to rtexit2.o(.ARM.Collect$$rtexit$$00000002) for __rt_exit_prels_1
    rtexit.o(.ARM.exidx) refers to rtexit.o(.ARM.Collect$$rtexit$$00000000) for .ARM.Collect$$rtexit$$00000000
    rt_raise.o(.text) refers to __raise.o(.text) for __raise
    rt_raise.o(.text) refers to sys_exit.o(.text) for _sys_exit
    defsig_exit.o(.text) refers to sys_exit.o(.text) for _sys_exit
    defsig_fpe_inner.o(.text) refers to defsig_general.o(.text) for __default_signal_display
    libinit2.o(.ARM.Collect$$libinit$$00000012) refers to libinit2.o(.ARM.Collect$$libinit$$00000011) for .ARM.Collect$$libinit$$00000011
    libinit2.o(.ARM.Collect$$libinit$$00000014) refers to libinit2.o(.ARM.Collect$$libinit$$00000011) for .ARM.Collect$$libinit$$00000011
    libinit2.o(.ARM.Collect$$libinit$$00000016) refers to libinit2.o(.ARM.Collect$$libinit$$00000011) for .ARM.Collect$$libinit$$00000011
    libinit2.o(.ARM.Collect$$libinit$$00000018) refers to libinit2.o(.ARM.Collect$$libinit$$00000011) for .ARM.Collect$$libinit$$00000011
    libinit2.o(.ARM.Collect$$libinit$$0000001A) refers to libinit2.o(.ARM.Collect$$libinit$$00000011) for .ARM.Collect$$libinit$$00000011
    libinit2.o(.ARM.Collect$$libinit$$00000028) refers to argv_veneer.o(.text) for __ARM_argv_veneer
    libinit2.o(.ARM.Collect$$libinit$$00000029) refers to argv_veneer.o(.text) for __ARM_argv_veneer
    sys_exit.o(.text) refers (Special) to use_no_semi.o(.text) for __I$use$semihosting
    sys_exit.o(.text) refers (Special) to indicate_semi.o(.text) for __semihosting_library_function
    sys_exit_hlt.o(.text) refers (Special) to use_no_semi.o(.text) for __I$use$semihosting
    sys_exit_hlt.o(.text) refers (Special) to indicate_semi.o(.text) for __semihosting_library_function
    rtexit2.o(.ARM.Collect$$rtexit$$00000003) refers to libshutdown.o(.ARM.Collect$$libshutdown$$00000000) for __rt_lib_shutdown
    rtexit2.o(.ARM.Collect$$rtexit$$00000004) refers to sys_exit.o(.text) for _sys_exit
    rtexit2.o(.ARM.exidx) refers to rtexit2.o(.ARM.Collect$$rtexit$$00000001) for .ARM.Collect$$rtexit$$00000001
    rtexit2.o(.ARM.exidx) refers to rtexit2.o(.ARM.Collect$$rtexit$$00000003) for .ARM.Collect$$rtexit$$00000003
    rtexit2.o(.ARM.exidx) refers to rtexit2.o(.ARM.Collect$$rtexit$$00000004) for .ARM.Collect$$rtexit$$00000004
    __raise.o(.text) refers to defsig.o(CL$$defsig) for __default_signal_handler
    defsig_general.o(.text) refers to sys_wrch.o(.text) for _ttywrch
    sys_wrch.o(.text) refers (Special) to use_no_semi.o(.text) for __I$use$semihosting
    sys_wrch.o(.text) refers (Special) to indicate_semi.o(.text) for __semihosting_library_function
    sys_wrch_hlt.o(.text) refers (Special) to use_no_semi.o(.text) for __I$use$semihosting
    sys_wrch_hlt.o(.text) refers (Special) to indicate_semi.o(.text) for __semihosting_library_function
    defsig.o(CL$$defsig) refers to defsig_fpe_inner.o(.text) for __rt_SIGFPE_inner
    defsig.o(CL$$defsig) refers to defsig_rtmem_inner.o(.text) for __rt_SIGRTMEM_inner
    _get_argv_nomalloc.o(.text) refers (Special) to hrguard.o(.text) for __heap_region$guard
    _get_argv_nomalloc.o(.text) refers to defsig_rtmem_outer.o(.text) for __rt_SIGRTMEM
    _get_argv_nomalloc.o(.text) refers to sys_command.o(.text) for _sys_command_string
    libshutdown.o(.ARM.Collect$$libshutdown$$00000000) refers (Special) to libshutdown2.o(.ARM.Collect$$libshutdown$$00000002) for __rt_lib_shutdown_cpp_1
    libshutdown.o(.ARM.Collect$$libshutdown$$00000000) refers (Special) to libshutdown2.o(.ARM.Collect$$libshutdown$$00000007) for __rt_lib_shutdown_fp_trap_1
    libshutdown.o(.ARM.Collect$$libshutdown$$00000000) refers (Special) to libshutdown2.o(.ARM.Collect$$libshutdown$$0000000F) for __rt_lib_shutdown_heap_1
    libshutdown.o(.ARM.Collect$$libshutdown$$00000000) refers (Special) to libshutdown2.o(.ARM.Collect$$libshutdown$$00000010) for __rt_lib_shutdown_return
    libshutdown.o(.ARM.Collect$$libshutdown$$00000000) refers (Special) to libshutdown2.o(.ARM.Collect$$libshutdown$$0000000A) for __rt_lib_shutdown_signal_1
    libshutdown.o(.ARM.Collect$$libshutdown$$00000000) refers (Special) to libshutdown2.o(.ARM.Collect$$libshutdown$$00000004) for __rt_lib_shutdown_stdio_1
    libshutdown.o(.ARM.Collect$$libshutdown$$00000000) refers (Special) to libshutdown2.o(.ARM.Collect$$libshutdown$$0000000C) for __rt_lib_shutdown_user_alloc_1
    sys_command.o(.text) refers (Special) to use_no_semi.o(.text) for __I$use$semihosting
    sys_command.o(.text) refers (Special) to indicate_semi.o(.text) for __semihosting_library_function
    sys_command_hlt.o(.text) refers (Special) to use_no_semi.o(.text) for __I$use$semihosting
    sys_command_hlt.o(.text) refers (Special) to indicate_semi.o(.text) for __semihosting_library_function
    defsig_abrt_inner.o(.text) refers to defsig_general.o(.text) for __default_signal_display
    defsig_rtred_inner.o(.text) refers to defsig_general.o(.text) for __default_signal_display
    defsig_rtmem_inner.o(.text) refers to defsig_general.o(.text) for __default_signal_display
    defsig_rtmem_outer.o(.text) refers to defsig_rtmem_inner.o(.text) for __rt_SIGRTMEM_inner
    defsig_rtmem_outer.o(.text) refers to defsig_exit.o(.text) for __sig_exit
    defsig_rtmem_formal.o(.text) refers to rt_raise.o(.text) for __rt_raise
    defsig_stak_inner.o(.text) refers to defsig_general.o(.text) for __default_signal_display
    defsig_pvfn_inner.o(.text) refers to defsig_general.o(.text) for __default_signal_display
    defsig_cppl_inner.o(.text) refers to defsig_general.o(.text) for __default_signal_display
    defsig_segv_inner.o(.text) refers to defsig_general.o(.text) for __default_signal_display
    defsig_other.o(.text) refers to defsig_general.o(.text) for __default_signal_display


==============================================================================

Removing Unused input sections from the image.

    Removing main.o(.text), (0 bytes).
    Removing main.o(.ARM.exidx.text.GPIO_init), (8 bytes).
    Removing main.o(.ARM.exidx.text.main), (8 bytes).
    Removing main.o(.ARM.use_no_argv), (4 bytes).
    Removing clk.o(.text), (0 bytes).
    Removing clk.o(.text.clk_setupHSE), (80 bytes).
    Removing clk.o(.ARM.exidx.text.clk_setupHSE), (8 bytes).
    Removing clk.o(.ARM.exidx.text.clk_enableGPIOClk), (8 bytes).
    Removing clk.o(.ARM.exidx.text.clk_enableI2CClk), (8 bytes).
    Removing clk.o(.ARM.exidx.text.clk_initBSP), (8 bytes).
    Removing i2c.o(.text), (0 bytes).
    Removing i2c.o(.ARM.exidx.text.I2C1_IRQHandler), (8 bytes).
    Removing i2c.o(.ARM.exidx.text.i2c_initMaster), (8 bytes).
    Removing i2c.o(.text.i2c_start), (20 bytes).
    Removing i2c.o(.ARM.exidx.text.i2c_start), (8 bytes).
    Removing i2c.o(.text.i2c_stop), (20 bytes).
    Removing i2c.o(.ARM.exidx.text.i2c_stop), (8 bytes).
    Removing i2c.o(.text.i2c_write), (100 bytes).
    Removing i2c.o(.ARM.exidx.text.i2c_write), (8 bytes).
    Removing i2c.o(.text.i2c_writePtr), (340 bytes).
    Removing i2c.o(.ARM.exidx.text.i2c_writePtr), (8 bytes).
    Removing i2c.o(.ARM.exidx.text.i2c_readPtr), (8 bytes).
    Removing i2c.o(.ARM.exidx.text.i2c_24C02Read), (8 bytes).
    Removing i2c.o(.ARM.exidx.text.i2c_24C02Write), (8 bytes).
    Removing systick.o(.text), (0 bytes).
    Removing systick.o(.ARM.exidx.text.SysTick_Handler), (8 bytes).
    Removing systick.o(.ARM.exidx.text.systick_init), (8 bytes).
    Removing systick.o(.ARM.exidx.text.__NVIC_SetPriority), (8 bytes).
    Removing systick.o(.ARM.exidx.text.__NVIC_ClearPendingIRQ), (8 bytes).
    Removing systick.o(.ARM.exidx.text.__NVIC_EnableIRQ), (8 bytes).
    Removing systick.o(.ARM.exidx.text.millis), (8 bytes).
    Removing systick.o(.ARM.exidx.text.delay_ms), (8 bytes).
    Removing system_stm32c0xx.o(.text), (0 bytes).
    Removing system_stm32c0xx.o(.ARM.exidx.text.SystemInit), (8 bytes).
    Removing system_stm32c0xx.o(.text.SystemCoreClockUpdate), (276 bytes).
    Removing system_stm32c0xx.o(.ARM.exidx.text.SystemCoreClockUpdate), (8 bytes).
    Removing system_stm32c0xx.o(.data.SystemCoreClock), (4 bytes).
    Removing system_stm32c0xx.o(.rodata.AHBPrescTable), (64 bytes).
    Removing system_stm32c0xx.o(.rodata.APBPrescTable), (32 bytes).

39 unused section(s) (total 1132 bytes) removed from the image.

==============================================================================

Image Symbol Table

    Local Symbols

    Symbol Name                              Value     Ov Type        Size  Object(Section)

    ../clib/angel/boardlib.s                 0x00000000   Number         0  boardinit1.o ABSOLUTE
    ../clib/angel/boardlib.s                 0x00000000   Number         0  boardinit2.o ABSOLUTE
    ../clib/angel/boardlib.s                 0x00000000   Number         0  boardinit3.o ABSOLUTE
    ../clib/angel/boardlib.s                 0x00000000   Number         0  boardshut.o ABSOLUTE
    ../clib/angel/handlers.s                 0x00000000   Number         0  __scatter_copy.o ABSOLUTE
    ../clib/angel/handlers.s                 0x00000000   Number         0  __scatter_zi.o ABSOLUTE
    ../clib/angel/kernel.s                   0x00000000   Number         0  __rtentry.o ABSOLUTE
    ../clib/angel/kernel.s                   0x00000000   Number         0  __rtentry2.o ABSOLUTE
    ../clib/angel/kernel.s                   0x00000000   Number         0  __rtentry4.o ABSOLUTE
    ../clib/angel/kernel.s                   0x00000000   Number         0  rtexit.o ABSOLUTE
    ../clib/angel/kernel.s                   0x00000000   Number         0  rtexit2.o ABSOLUTE
    ../clib/angel/rt.s                       0x00000000   Number         0  aeabi_idiv0.o ABSOLUTE
    ../clib/angel/rt.s                       0x00000000   Number         0  aeabi_idiv0_sigfpe.o ABSOLUTE
    ../clib/angel/rt.s                       0x00000000   Number         0  rt_div0.o ABSOLUTE
    ../clib/angel/rt.s                       0x00000000   Number         0  rt_raise.o ABSOLUTE
    ../clib/angel/scatterp.s                 0x00000000   Number         0  __scatter.o ABSOLUTE
    ../clib/angel/startup.s                  0x00000000   Number         0  __main.o ABSOLUTE
    ../clib/angel/sys.s                      0x00000000   Number         0  sys_stackheap_outer.o ABSOLUTE
    ../clib/angel/sys.s                      0x00000000   Number         0  libspace.o ABSOLUTE
    ../clib/angel/sys.s                      0x00000000   Number         0  tempstk.o ABSOLUTE
    ../clib/angel/sys.s                      0x00000000   Number         0  use_no_semi.o ABSOLUTE
    ../clib/angel/sys.s                      0x00000000   Number         0  indicate_semi.o ABSOLUTE
    ../clib/angel/sysapp.c                   0x00000000   Number         0  sys_exit.o ABSOLUTE
    ../clib/angel/sysapp.c                   0x00000000   Number         0  sys_exit_hlt.o ABSOLUTE
    ../clib/angel/sysapp.c                   0x00000000   Number         0  sys_wrch.o ABSOLUTE
    ../clib/angel/sysapp.c                   0x00000000   Number         0  sys_wrch_hlt.o ABSOLUTE
    ../clib/angel/sysapp.c                   0x00000000   Number         0  sys_command.o ABSOLUTE
    ../clib/angel/sysapp.c                   0x00000000   Number         0  sys_command_hlt.o ABSOLUTE
    ../clib/armsys.c                         0x00000000   Number         0  argv_veneer.o ABSOLUTE
    ../clib/armsys.c                         0x00000000   Number         0  _get_argv_nomalloc.o ABSOLUTE
    ../clib/armsys.c                         0x00000000   Number         0  no_argv.o ABSOLUTE
    ../clib/division.s                       0x00000000   Number         0  aeabi_sdiv.o ABSOLUTE
    ../clib/division.s                       0x00000000   Number         0  aeabi_sdiv_div0.o ABSOLUTE
    ../clib/heapalloc.c                      0x00000000   Number         0  hrguard.o ABSOLUTE
    ../clib/heapaux.c                        0x00000000   Number         0  heapauxi.o ABSOLUTE
    ../clib/libinit.s                        0x00000000   Number         0  libinit.o ABSOLUTE
    ../clib/libinit.s                        0x00000000   Number         0  libinit2.o ABSOLUTE
    ../clib/libinit.s                        0x00000000   Number         0  libshutdown.o ABSOLUTE
    ../clib/libinit.s                        0x00000000   Number         0  libshutdown2.o ABSOLUTE
    ../clib/signal.c                         0x00000000   Number         0  defsig_fpe_outer.o ABSOLUTE
    ../clib/signal.c                         0x00000000   Number         0  defsig_fpe_formal.o ABSOLUTE
    ../clib/signal.c                         0x00000000   Number         0  defsig_exit.o ABSOLUTE
    ../clib/signal.c                         0x00000000   Number         0  defsig_fpe_inner.o ABSOLUTE
    ../clib/signal.c                         0x00000000   Number         0  __raise.o ABSOLUTE
    ../clib/signal.c                         0x00000000   Number         0  defsig_general.o ABSOLUTE
    ../clib/signal.c                         0x00000000   Number         0  defsig_abrt_inner.o ABSOLUTE
    ../clib/signal.c                         0x00000000   Number         0  defsig_rtred_inner.o ABSOLUTE
    ../clib/signal.c                         0x00000000   Number         0  defsig_rtmem_inner.o ABSOLUTE
    ../clib/signal.c                         0x00000000   Number         0  defsig_rtmem_outer.o ABSOLUTE
    ../clib/signal.c                         0x00000000   Number         0  defsig_rtmem_formal.o ABSOLUTE
    ../clib/signal.c                         0x00000000   Number         0  defsig_stak_inner.o ABSOLUTE
    ../clib/signal.c                         0x00000000   Number         0  defsig_pvfn_inner.o ABSOLUTE
    ../clib/signal.c                         0x00000000   Number         0  defsig_cppl_inner.o ABSOLUTE
    ../clib/signal.c                         0x00000000   Number         0  defsig_segv_inner.o ABSOLUTE
    ../clib/signal.c                         0x00000000   Number         0  defsig_other.o ABSOLUTE
    ../clib/signal.s                         0x00000000   Number         0  defsig.o ABSOLUTE
    ../clib/stdlib.c                         0x00000000   Number         0  exit.o ABSOLUTE
    ../clib/string.c                         0x00000000   Number         0  memcmp.o ABSOLUTE
    ../fplib/cfplib/fpinit.c                 0x00000000   Number         0  fpinit.o ABSOLUTE
    RTE/Device/STM32C031C6Tx/startup_stm32c031xx.s 0x00000000   Number         0  startup_stm32c031xx.o ABSOLUTE
    clk.c                                    0x00000000   Number         0  clk.o ABSOLUTE
    dc.s                                     0x00000000   Number         0  dc.o ABSOLUTE
    i2c.c                                    0x00000000   Number         0  i2c.o ABSOLUTE
    main.c                                   0x00000000   Number         0  main.o ABSOLUTE
    system_stm32c0xx.c                       0x00000000   Number         0  system_stm32c0xx.o ABSOLUTE
    systick.c                                0x00000000   Number         0  systick.o ABSOLUTE
    RESET                                    0x08000000   Section      192  startup_stm32c031xx.o(RESET)
    !!!main                                  0x080000c0   Section        8  __main.o(!!!main)
    !!!scatter                               0x080000c8   Section       84  __scatter.o(!!!scatter)
    !!handler_copy                           0x0800011c   Section       26  __scatter_copy.o(!!handler_copy)
    !!handler_null                           0x08000138   Section        2  __scatter.o(!!handler_null)
    !!handler_zi                             0x0800013c   Section       28  __scatter_zi.o(!!handler_zi)
    .ARM.Collect$$libinit$$00000000          0x08000158   Section        2  libinit.o(.ARM.Collect$$libinit$$00000000)
    .ARM.Collect$$libinit$$00000002          0x0800015a   Section        0  libinit2.o(.ARM.Collect$$libinit$$00000002)
    .ARM.Collect$$libinit$$00000004          0x0800015a   Section        0  libinit2.o(.ARM.Collect$$libinit$$00000004)
    .ARM.Collect$$libinit$$00000006          0x0800015a   Section        0  libinit2.o(.ARM.Collect$$libinit$$00000006)
    .ARM.Collect$$libinit$$0000000C          0x0800015a   Section        0  libinit2.o(.ARM.Collect$$libinit$$0000000C)
    .ARM.Collect$$libinit$$0000000E          0x0800015a   Section        0  libinit2.o(.ARM.Collect$$libinit$$0000000E)
    .ARM.Collect$$libinit$$00000010          0x0800015a   Section        0  libinit2.o(.ARM.Collect$$libinit$$00000010)
    .ARM.Collect$$libinit$$00000013          0x0800015a   Section        0  libinit2.o(.ARM.Collect$$libinit$$00000013)
    .ARM.Collect$$libinit$$00000015          0x0800015a   Section        0  libinit2.o(.ARM.Collect$$libinit$$00000015)
    .ARM.Collect$$libinit$$00000017          0x0800015a   Section        0  libinit2.o(.ARM.Collect$$libinit$$00000017)
    .ARM.Collect$$libinit$$00000019          0x0800015a   Section        0  libinit2.o(.ARM.Collect$$libinit$$00000019)
    .ARM.Collect$$libinit$$0000001B          0x0800015a   Section        0  libinit2.o(.ARM.Collect$$libinit$$0000001B)
    .ARM.Collect$$libinit$$0000001D          0x0800015a   Section        0  libinit2.o(.ARM.Collect$$libinit$$0000001D)
    .ARM.Collect$$libinit$$0000001F          0x0800015a   Section        0  libinit2.o(.ARM.Collect$$libinit$$0000001F)
    .ARM.Collect$$libinit$$00000021          0x0800015a   Section        0  libinit2.o(.ARM.Collect$$libinit$$00000021)
    .ARM.Collect$$libinit$$00000023          0x0800015a   Section        0  libinit2.o(.ARM.Collect$$libinit$$00000023)
    .ARM.Collect$$libinit$$00000025          0x0800015a   Section        0  libinit2.o(.ARM.Collect$$libinit$$00000025)
    .ARM.Collect$$libinit$$00000027          0x0800015a   Section        0  libinit2.o(.ARM.Collect$$libinit$$00000027)
    .ARM.Collect$$libinit$$0000002E          0x0800015a   Section        0  libinit2.o(.ARM.Collect$$libinit$$0000002E)
    .ARM.Collect$$libinit$$00000030          0x0800015a   Section        0  libinit2.o(.ARM.Collect$$libinit$$00000030)
    .ARM.Collect$$libinit$$00000032          0x0800015a   Section        0  libinit2.o(.ARM.Collect$$libinit$$00000032)
    .ARM.Collect$$libinit$$00000034          0x0800015a   Section        0  libinit2.o(.ARM.Collect$$libinit$$00000034)
    .ARM.Collect$$libinit$$00000035          0x0800015a   Section        2  libinit2.o(.ARM.Collect$$libinit$$00000035)
    .ARM.Collect$$libshutdown$$00000000      0x0800015c   Section        2  libshutdown.o(.ARM.Collect$$libshutdown$$00000000)
    .ARM.Collect$$libshutdown$$00000002      0x0800015e   Section        0  libshutdown2.o(.ARM.Collect$$libshutdown$$00000002)
    .ARM.Collect$$libshutdown$$00000004      0x0800015e   Section        0  libshutdown2.o(.ARM.Collect$$libshutdown$$00000004)
    .ARM.Collect$$libshutdown$$00000007      0x0800015e   Section        0  libshutdown2.o(.ARM.Collect$$libshutdown$$00000007)
    .ARM.Collect$$libshutdown$$0000000A      0x0800015e   Section        0  libshutdown2.o(.ARM.Collect$$libshutdown$$0000000A)
    .ARM.Collect$$libshutdown$$0000000C      0x0800015e   Section        0  libshutdown2.o(.ARM.Collect$$libshutdown$$0000000C)
    .ARM.Collect$$libshutdown$$0000000F      0x0800015e   Section        0  libshutdown2.o(.ARM.Collect$$libshutdown$$0000000F)
    .ARM.Collect$$libshutdown$$00000010      0x0800015e   Section        2  libshutdown2.o(.ARM.Collect$$libshutdown$$00000010)
    .ARM.Collect$$rtentry$$00000000          0x08000160   Section        0  __rtentry.o(.ARM.Collect$$rtentry$$00000000)
    .ARM.Collect$$rtentry$$00000002          0x08000160   Section        0  __rtentry2.o(.ARM.Collect$$rtentry$$00000002)
    .ARM.Collect$$rtentry$$00000004          0x08000160   Section        6  __rtentry4.o(.ARM.Collect$$rtentry$$00000004)
    .ARM.Collect$$rtentry$$00000009          0x08000166   Section        0  __rtentry2.o(.ARM.Collect$$rtentry$$00000009)
    .ARM.Collect$$rtentry$$0000000A          0x08000166   Section        4  __rtentry2.o(.ARM.Collect$$rtentry$$0000000A)
    .ARM.Collect$$rtentry$$0000000C          0x0800016a   Section        0  __rtentry2.o(.ARM.Collect$$rtentry$$0000000C)
    .ARM.Collect$$rtentry$$0000000D          0x0800016a   Section        8  __rtentry2.o(.ARM.Collect$$rtentry$$0000000D)
    .ARM.Collect$$rtexit$$00000000           0x08000172   Section        2  rtexit.o(.ARM.Collect$$rtexit$$00000000)
    .ARM.Collect$$rtexit$$00000002           0x08000174   Section        0  rtexit2.o(.ARM.Collect$$rtexit$$00000002)
    .ARM.Collect$$rtexit$$00000003           0x08000174   Section        4  rtexit2.o(.ARM.Collect$$rtexit$$00000003)
    .ARM.Collect$$rtexit$$00000004           0x08000178   Section        6  rtexit2.o(.ARM.Collect$$rtexit$$00000004)
    .text                                    0x08000180   Section       56  startup_stm32c031xx.o(.text)
    .text                                    0x080001b8   Section        0  memcmp.o(.text)
    .text                                    0x08000214   Section      364  aeabi_sdiv.o(.text)
    .text                                    0x08000380   Section        0  heapauxi.o(.text)
    .text                                    0x08000386   Section       62  sys_stackheap_outer.o(.text)
    .text                                    0x080003c4   Section        0  exit.o(.text)
    .text                                    0x080003d4   Section        8  libspace.o(.text)
    .text                                    0x080003dc   Section        0  sys_exit.o(.text)
    .text                                    0x080003e8   Section        2  use_no_semi.o(.text)
    .text                                    0x080003ea   Section        0  indicate_semi.o(.text)
    [Anonymous Symbol]                       0x080003ec   Section        0  main.o(.text.GPIO_init)
    __arm_cp.0_0                             0x08000434   Number         4  main.o(.text.GPIO_init)
    __arm_cp.0_1                             0x08000438   Number         4  main.o(.text.GPIO_init)
    __arm_cp.0_2                             0x0800043c   Number         4  main.o(.text.GPIO_init)
    __arm_cp.0_3                             0x08000440   Number         4  main.o(.text.GPIO_init)
    [Anonymous Symbol]                       0x08000444   Section        0  i2c.o(.text.I2C1_IRQHandler)
    __arm_cp.0_1                             0x08000468   Number         4  i2c.o(.text.I2C1_IRQHandler)
    __arm_cp.0_2                             0x0800046c   Number         4  i2c.o(.text.I2C1_IRQHandler)
    [Anonymous Symbol]                       0x08000470   Section        0  systick.o(.text.SysTick_Handler)
    __arm_cp.0_0                             0x0800047c   Number         4  systick.o(.text.SysTick_Handler)
    [Anonymous Symbol]                       0x08000480   Section        0  system_stm32c0xx.o(.text.SystemInit)
    __arm_cp.0_0                             0x0800048c   Number         4  system_stm32c0xx.o(.text.SystemInit)
    __NVIC_ClearPendingIRQ                   0x08000491   Thumb Code    40  systick.o(.text.__NVIC_ClearPendingIRQ)
    [Anonymous Symbol]                       0x08000490   Section        0  systick.o(.text.__NVIC_ClearPendingIRQ)
    __arm_cp.3_0                             0x080004b8   Number         4  systick.o(.text.__NVIC_ClearPendingIRQ)
    __NVIC_EnableIRQ                         0x080004bd   Thumb Code    40  systick.o(.text.__NVIC_EnableIRQ)
    [Anonymous Symbol]                       0x080004bc   Section        0  systick.o(.text.__NVIC_EnableIRQ)
    __arm_cp.4_0                             0x080004e4   Number         4  systick.o(.text.__NVIC_EnableIRQ)
    __NVIC_SetPriority                       0x080004e9   Thumb Code   124  systick.o(.text.__NVIC_SetPriority)
    [Anonymous Symbol]                       0x080004e8   Section        0  systick.o(.text.__NVIC_SetPriority)
    __arm_cp.2_0                             0x08000564   Number         4  systick.o(.text.__NVIC_SetPriority)
    __arm_cp.2_1                             0x08000568   Number         4  systick.o(.text.__NVIC_SetPriority)
    [Anonymous Symbol]                       0x0800056c   Section        0  clk.o(.text.clk_enableGPIOClk)
    __arm_cp.1_0                             0x08000574   Number         4  clk.o(.text.clk_enableGPIOClk)
    [Anonymous Symbol]                       0x08000578   Section        0  clk.o(.text.clk_enableI2CClk)
    __arm_cp.2_0                             0x08000588   Number         4  clk.o(.text.clk_enableI2CClk)
    [Anonymous Symbol]                       0x0800058c   Section        0  clk.o(.text.clk_initBSP)
    [Anonymous Symbol]                       0x08000598   Section        0  systick.o(.text.delay_ms)
    __arm_cp.6_0                             0x080005cc   Number         4  systick.o(.text.delay_ms)
    [Anonymous Symbol]                       0x080005d0   Section        0  i2c.o(.text.i2c_24C02Read)
    __arm_cp.7_0                             0x08000648   Number         4  i2c.o(.text.i2c_24C02Read)
    [Anonymous Symbol]                       0x0800064c   Section        0  i2c.o(.text.i2c_24C02Write)
    __arm_cp.8_0                             0x080007ec   Number         4  i2c.o(.text.i2c_24C02Write)
    __arm_cp.8_1                             0x080007f0   Number         4  i2c.o(.text.i2c_24C02Write)
    __arm_cp.8_2                             0x080007f4   Number         4  i2c.o(.text.i2c_24C02Write)
    [Anonymous Symbol]                       0x080007f8   Section        0  i2c.o(.text.i2c_initMaster)
    __arm_cp.1_0                             0x08000884   Number         4  i2c.o(.text.i2c_initMaster)
    __arm_cp.1_1                             0x08000888   Number         4  i2c.o(.text.i2c_initMaster)
    __arm_cp.1_2                             0x0800088c   Number         4  i2c.o(.text.i2c_initMaster)
    __arm_cp.1_3                             0x08000890   Number         4  i2c.o(.text.i2c_initMaster)
    __arm_cp.1_4                             0x08000894   Number         4  i2c.o(.text.i2c_initMaster)
    [Anonymous Symbol]                       0x08000898   Section        0  i2c.o(.text.i2c_readPtr)
    __arm_cp.6_0                             0x080009e8   Number         4  i2c.o(.text.i2c_readPtr)
    __arm_cp.6_1                             0x080009ec   Number         4  i2c.o(.text.i2c_readPtr)
    __arm_cp.6_2                             0x080009f0   Number         4  i2c.o(.text.i2c_readPtr)
    [Anonymous Symbol]                       0x080009f4   Section        0  main.o(.text.main)
    __arm_cp.1_0                             0x08000a98   Number         4  main.o(.text.main)
    __arm_cp.1_1                             0x08000a9c   Number         4  main.o(.text.main)
    __arm_cp.1_2                             0x08000aa0   Number         4  main.o(.text.main)
    __arm_cp.1_3                             0x08000aa4   Number         4  main.o(.text.main)
    __arm_cp.1_4                             0x08000aa8   Number         4  main.o(.text.main)
    __arm_cp.1_5                             0x08000aac   Number         4  main.o(.text.main)
    __arm_cp.1_6                             0x08000ab0   Number         4  main.o(.text.main)
    [Anonymous Symbol]                       0x08000ab4   Section        0  systick.o(.text.millis)
    __arm_cp.5_0                             0x08000abc   Number         4  systick.o(.text.millis)
    [Anonymous Symbol]                       0x08000ac0   Section        0  systick.o(.text.systick_init)
    __arm_cp.1_0                             0x08000b08   Number         4  systick.o(.text.systick_init)
    __arm_cp.1_1                             0x08000b0c   Number         4  systick.o(.text.systick_init)
    __arm_cp.1_2                             0x08000b10   Number         4  systick.o(.text.systick_init)
    [Anonymous Symbol]                       0x08000b14   Section        0  main.o(.rodata.str1.1)
    .bss                                     0x20000008   Section       96  libspace.o(.bss)
    delay_ms.elapsed                         0x2000006c   Data           4  systick.o(.bss.delay_ms.elapsed)
    [Anonymous Symbol]                       0x2000006c   Section        0  systick.o(.bss.delay_ms.elapsed)
    Heap_Mem                                 0x20000088   Data         512  startup_stm32c031xx.o(HEAP)
    HEAP                                     0x20000088   Section      512  startup_stm32c031xx.o(HEAP)
    Stack_Mem                                0x20000288   Data        1024  startup_stm32c031xx.o(STACK)
    STACK                                    0x20000288   Section     1024  startup_stm32c031xx.o(STACK)
    __initial_sp                             0x20000688   Data           0  startup_stm32c031xx.o(STACK)

    Global Symbols

    Symbol Name                              Value     Ov Type        Size  Object(Section)

    BuildAttributes$$THM_ISAv3M$S$PE$A:L22$X:L11$S22$IEEE1$IW$~IW$USESV6$~STKCKD$USESV7$~SHL$OSPACE$ROPI$EBA8$UX$STANDARDLIB$REQ8$PRES8$EABIv2 0x00000000   Number         0  anon$$obj.o ABSOLUTE
    __ARM_exceptions_init                     - Undefined Weak Reference
    __alloca_initialize                       - Undefined Weak Reference
    __arm_preinit_                            - Undefined Weak Reference
    __arm_relocate_pie_                       - Undefined Weak Reference
    __cpp_initialize__aeabi_                  - Undefined Weak Reference
    __cxa_finalize                            - Undefined Weak Reference
    __rt_locale                               - Undefined Weak Reference
    __sigvec_lookup                           - Undefined Weak Reference
    _atexit_init                              - Undefined Weak Reference
    _call_atexit_fns                          - Undefined Weak Reference
    _clock_init                               - Undefined Weak Reference
    _fp_trap_init                             - Undefined Weak Reference
    _fp_trap_shutdown                         - Undefined Weak Reference
    _get_lc_collate                           - Undefined Weak Reference
    _get_lc_ctype                             - Undefined Weak Reference
    _get_lc_monetary                          - Undefined Weak Reference
    _get_lc_numeric                           - Undefined Weak Reference
    _get_lc_time                              - Undefined Weak Reference
    _getenv_init                              - Undefined Weak Reference
    _handle_redirection                       - Undefined Weak Reference
    _init_alloc                               - Undefined Weak Reference
    _init_user_alloc                          - Undefined Weak Reference
    _initio                                   - Undefined Weak Reference
    _rand_init                                - Undefined Weak Reference
    _signal_finish                            - Undefined Weak Reference
    _signal_init                              - Undefined Weak Reference
    _terminate_alloc                          - Undefined Weak Reference
    _terminate_user_alloc                     - Undefined Weak Reference
    _terminateio                              - Undefined Weak Reference
    __Vectors_Size                           0x000000c0   Number         0  startup_stm32c031xx.o ABSOLUTE
    __Vectors                                0x08000000   Data           4  startup_stm32c031xx.o(RESET)
    __Vectors_End                            0x080000c0   Data           0  startup_stm32c031xx.o(RESET)
    __main                                   0x080000c1   Thumb Code     8  __main.o(!!!main)
    __scatterload                            0x080000c9   Thumb Code     0  __scatter.o(!!!scatter)
    __scatterload_rt2                        0x080000c9   Thumb Code    74  __scatter.o(!!!scatter)
    __scatterload_rt2_thumb_only             0x080000c9   Thumb Code     0  __scatter.o(!!!scatter)
    __scatterload_loop                       0x080000d3   Thumb Code     0  __scatter.o(!!!scatter)
    __scatterload_copy                       0x0800011d   Thumb Code    26  __scatter_copy.o(!!handler_copy)
    __scatterload_null                       0x08000139   Thumb Code     2  __scatter.o(!!handler_null)
    __scatterload_zeroinit                   0x0800013d   Thumb Code    28  __scatter_zi.o(!!handler_zi)
    __rt_lib_init                            0x08000159   Thumb Code     0  libinit.o(.ARM.Collect$$libinit$$00000000)
    __rt_lib_init_alloca_1                   0x0800015b   Thumb Code     0  libinit2.o(.ARM.Collect$$libinit$$00000030)
    __rt_lib_init_argv_1                     0x0800015b   Thumb Code     0  libinit2.o(.ARM.Collect$$libinit$$0000002E)
    __rt_lib_init_atexit_1                   0x0800015b   Thumb Code     0  libinit2.o(.ARM.Collect$$libinit$$0000001D)
    __rt_lib_init_clock_1                    0x0800015b   Thumb Code     0  libinit2.o(.ARM.Collect$$libinit$$00000023)
    __rt_lib_init_cpp_1                      0x0800015b   Thumb Code     0  libinit2.o(.ARM.Collect$$libinit$$00000034)
    __rt_lib_init_exceptions_1               0x0800015b   Thumb Code     0  libinit2.o(.ARM.Collect$$libinit$$00000032)
    __rt_lib_init_fp_1                       0x0800015b   Thumb Code     0  libinit2.o(.ARM.Collect$$libinit$$00000002)
    __rt_lib_init_fp_trap_1                  0x0800015b   Thumb Code     0  libinit2.o(.ARM.Collect$$libinit$$00000021)
    __rt_lib_init_getenv_1                   0x0800015b   Thumb Code     0  libinit2.o(.ARM.Collect$$libinit$$00000025)
    __rt_lib_init_heap_1                     0x0800015b   Thumb Code     0  libinit2.o(.ARM.Collect$$libinit$$0000000C)
    __rt_lib_init_lc_collate_1               0x0800015b   Thumb Code     0  libinit2.o(.ARM.Collect$$libinit$$00000013)
    __rt_lib_init_lc_ctype_1                 0x0800015b   Thumb Code     0  libinit2.o(.ARM.Collect$$libinit$$00000015)
    __rt_lib_init_lc_monetary_1              0x0800015b   Thumb Code     0  libinit2.o(.ARM.Collect$$libinit$$00000017)
    __rt_lib_init_lc_numeric_1               0x0800015b   Thumb Code     0  libinit2.o(.ARM.Collect$$libinit$$00000019)
    __rt_lib_init_lc_time_1                  0x0800015b   Thumb Code     0  libinit2.o(.ARM.Collect$$libinit$$0000001B)
    __rt_lib_init_preinit_1                  0x0800015b   Thumb Code     0  libinit2.o(.ARM.Collect$$libinit$$00000006)
    __rt_lib_init_rand_1                     0x0800015b   Thumb Code     0  libinit2.o(.ARM.Collect$$libinit$$00000010)
    __rt_lib_init_relocate_pie_1             0x0800015b   Thumb Code     0  libinit2.o(.ARM.Collect$$libinit$$00000004)
    __rt_lib_init_return                     0x0800015b   Thumb Code     0  libinit2.o(.ARM.Collect$$libinit$$00000035)
    __rt_lib_init_signal_1                   0x0800015b   Thumb Code     0  libinit2.o(.ARM.Collect$$libinit$$0000001F)
    __rt_lib_init_stdio_1                    0x0800015b   Thumb Code     0  libinit2.o(.ARM.Collect$$libinit$$00000027)
    __rt_lib_init_user_alloc_1               0x0800015b   Thumb Code     0  libinit2.o(.ARM.Collect$$libinit$$0000000E)
    __rt_lib_shutdown                        0x0800015d   Thumb Code     0  libshutdown.o(.ARM.Collect$$libshutdown$$00000000)
    __rt_lib_shutdown_cpp_1                  0x0800015f   Thumb Code     0  libshutdown2.o(.ARM.Collect$$libshutdown$$00000002)
    __rt_lib_shutdown_fp_trap_1              0x0800015f   Thumb Code     0  libshutdown2.o(.ARM.Collect$$libshutdown$$00000007)
    __rt_lib_shutdown_heap_1                 0x0800015f   Thumb Code     0  libshutdown2.o(.ARM.Collect$$libshutdown$$0000000F)
    __rt_lib_shutdown_return                 0x0800015f   Thumb Code     0  libshutdown2.o(.ARM.Collect$$libshutdown$$00000010)
    __rt_lib_shutdown_signal_1               0x0800015f   Thumb Code     0  libshutdown2.o(.ARM.Collect$$libshutdown$$0000000A)
    __rt_lib_shutdown_stdio_1                0x0800015f   Thumb Code     0  libshutdown2.o(.ARM.Collect$$libshutdown$$00000004)
    __rt_lib_shutdown_user_alloc_1           0x0800015f   Thumb Code     0  libshutdown2.o(.ARM.Collect$$libshutdown$$0000000C)
    __rt_entry                               0x08000161   Thumb Code     0  __rtentry.o(.ARM.Collect$$rtentry$$00000000)
    __rt_entry_presh_1                       0x08000161   Thumb Code     0  __rtentry2.o(.ARM.Collect$$rtentry$$00000002)
    __rt_entry_sh                            0x08000161   Thumb Code     0  __rtentry4.o(.ARM.Collect$$rtentry$$00000004)
    __rt_entry_li                            0x08000167   Thumb Code     0  __rtentry2.o(.ARM.Collect$$rtentry$$0000000A)
    __rt_entry_postsh_1                      0x08000167   Thumb Code     0  __rtentry2.o(.ARM.Collect$$rtentry$$00000009)
    __rt_entry_main                          0x0800016b   Thumb Code     0  __rtentry2.o(.ARM.Collect$$rtentry$$0000000D)
    __rt_entry_postli_1                      0x0800016b   Thumb Code     0  __rtentry2.o(.ARM.Collect$$rtentry$$0000000C)
    __rt_exit                                0x08000173   Thumb Code     0  rtexit.o(.ARM.Collect$$rtexit$$00000000)
    __rt_exit_ls                             0x08000175   Thumb Code     0  rtexit2.o(.ARM.Collect$$rtexit$$00000003)
    __rt_exit_prels_1                        0x08000175   Thumb Code     0  rtexit2.o(.ARM.Collect$$rtexit$$00000002)
    __rt_exit_exit                           0x08000179   Thumb Code     0  rtexit2.o(.ARM.Collect$$rtexit$$00000004)
    Reset_Handler                            0x08000181   Thumb Code     8  startup_stm32c031xx.o(.text)
    NMI_Handler                              0x08000189   Thumb Code     2  startup_stm32c031xx.o(.text)
    HardFault_Handler                        0x0800018b   Thumb Code     2  startup_stm32c031xx.o(.text)
    SVC_Handler                              0x0800018d   Thumb Code     2  startup_stm32c031xx.o(.text)
    PendSV_Handler                           0x0800018f   Thumb Code     2  startup_stm32c031xx.o(.text)
    ADC1_IRQHandler                          0x08000193   Thumb Code     0  startup_stm32c031xx.o(.text)
    DMA1_Channel1_IRQHandler                 0x08000193   Thumb Code     0  startup_stm32c031xx.o(.text)
    DMA1_Channel2_3_IRQHandler               0x08000193   Thumb Code     0  startup_stm32c031xx.o(.text)
    DMAMUX1_IRQHandler                       0x08000193   Thumb Code     0  startup_stm32c031xx.o(.text)
    EXTI0_1_IRQHandler                       0x08000193   Thumb Code     0  startup_stm32c031xx.o(.text)
    EXTI2_3_IRQHandler                       0x08000193   Thumb Code     0  startup_stm32c031xx.o(.text)
    EXTI4_15_IRQHandler                      0x08000193   Thumb Code     0  startup_stm32c031xx.o(.text)
    FLASH_IRQHandler                         0x08000193   Thumb Code     0  startup_stm32c031xx.o(.text)
    RCC_IRQHandler                           0x08000193   Thumb Code     0  startup_stm32c031xx.o(.text)
    RTC_IRQHandler                           0x08000193   Thumb Code     0  startup_stm32c031xx.o(.text)
    SPI1_IRQHandler                          0x08000193   Thumb Code     0  startup_stm32c031xx.o(.text)
    TIM14_IRQHandler                         0x08000193   Thumb Code     0  startup_stm32c031xx.o(.text)
    TIM16_IRQHandler                         0x08000193   Thumb Code     0  startup_stm32c031xx.o(.text)
    TIM17_IRQHandler                         0x08000193   Thumb Code     0  startup_stm32c031xx.o(.text)
    TIM1_BRK_UP_TRG_COM_IRQHandler           0x08000193   Thumb Code     0  startup_stm32c031xx.o(.text)
    TIM1_CC_IRQHandler                       0x08000193   Thumb Code     0  startup_stm32c031xx.o(.text)
    TIM3_IRQHandler                          0x08000193   Thumb Code     0  startup_stm32c031xx.o(.text)
    USART1_IRQHandler                        0x08000193   Thumb Code     0  startup_stm32c031xx.o(.text)
    USART2_IRQHandler                        0x08000193   Thumb Code     0  startup_stm32c031xx.o(.text)
    WWDG_IRQHandler                          0x08000193   Thumb Code     0  startup_stm32c031xx.o(.text)
    __user_initial_stackheap                 0x08000195   Thumb Code     0  startup_stm32c031xx.o(.text)
    memcmp                                   0x080001b9   Thumb Code    90  memcmp.o(.text)
    __aeabi_uidiv                            0x08000215   Thumb Code     0  aeabi_sdiv.o(.text)
    __aeabi_uidivmod                         0x08000215   Thumb Code    20  aeabi_sdiv.o(.text)
    __aeabi_idiv                             0x08000229   Thumb Code     0  aeabi_sdiv.o(.text)
    __aeabi_idivmod                          0x08000229   Thumb Code   338  aeabi_sdiv.o(.text)
    __use_two_region_memory                  0x08000381   Thumb Code     2  heapauxi.o(.text)
    __rt_heap_escrow$2region                 0x08000383   Thumb Code     2  heapauxi.o(.text)
    __rt_heap_expand$2region                 0x08000385   Thumb Code     2  heapauxi.o(.text)
    __user_setup_stackheap                   0x08000387   Thumb Code    62  sys_stackheap_outer.o(.text)
    exit                                     0x080003c5   Thumb Code    16  exit.o(.text)
    __user_libspace                          0x080003d5   Thumb Code     8  libspace.o(.text)
    __user_perproc_libspace                  0x080003d5   Thumb Code     0  libspace.o(.text)
    __user_perthread_libspace                0x080003d5   Thumb Code     0  libspace.o(.text)
    _sys_exit                                0x080003dd   Thumb Code     8  sys_exit.o(.text)
    __I$use$semihosting                      0x080003e9   Thumb Code     0  use_no_semi.o(.text)
    __use_no_semihosting_swi                 0x080003e9   Thumb Code     2  use_no_semi.o(.text)
    __semihosting_library_function           0x080003eb   Thumb Code     0  indicate_semi.o(.text)
    GPIO_init                                0x080003ed   Thumb Code    72  main.o(.text.GPIO_init)
    I2C1_IRQHandler                          0x08000445   Thumb Code    36  i2c.o(.text.I2C1_IRQHandler)
    SysTick_Handler                          0x08000471   Thumb Code    12  systick.o(.text.SysTick_Handler)
    SystemInit                               0x08000481   Thumb Code    12  system_stm32c0xx.o(.text.SystemInit)
    clk_enableGPIOClk                        0x0800056d   Thumb Code     8  clk.o(.text.clk_enableGPIOClk)
    clk_enableI2CClk                         0x08000579   Thumb Code    16  clk.o(.text.clk_enableI2CClk)
    clk_initBSP                              0x0800058d   Thumb Code    12  clk.o(.text.clk_initBSP)
    delay_ms                                 0x08000599   Thumb Code    52  systick.o(.text.delay_ms)
    i2c_24C02Read                            0x080005d1   Thumb Code   120  i2c.o(.text.i2c_24C02Read)
    i2c_24C02Write                           0x0800064d   Thumb Code   416  i2c.o(.text.i2c_24C02Write)
    i2c_initMaster                           0x080007f9   Thumb Code   140  i2c.o(.text.i2c_initMaster)
    i2c_readPtr                              0x08000899   Thumb Code   336  i2c.o(.text.i2c_readPtr)
    main                                     0x080009f5   Thumb Code   164  main.o(.text.main)
    millis                                   0x08000ab5   Thumb Code     8  systick.o(.text.millis)
    systick_init                             0x08000ac1   Thumb Code    72  systick.o(.text.systick_init)
    Region$$Table$$Base                      0x08000b24   Number         0  anon$$obj.o(Region$$Table)
    Region$$Table$$Limit                     0x08000b44   Number         0  anon$$obj.o(Region$$Table)
    ret                                      0x20000000   Data           4  main.o(.data.ret)
    __libspace_start                         0x20000008   Data          96  libspace.o(.bss)
    __temporary_stack_top$libspace           0x20000068   Data           0  libspace.o(.bss)
    blink_millis                             0x20000068   Data           4  main.o(.bss.blink_millis)
    i2c_millis                               0x20000070   Data           4  main.o(.bss.i2c_millis)
    millis_counter                           0x20000074   Data           4  systick.o(.bss.millis_counter)
    temp                                     0x20000078   Data          16  main.o(.bss.temp)



==============================================================================

Memory Map of the image

  Image Entry point : 0x080000c1

  Load Region LR_IROM1 (Base: 0x08000000, Size: 0x00000b50, Max: 0x00008000, ABSOLUTE)

    Execution Region ER_IROM1 (Exec base: 0x08000000, Load base: 0x08000000, Size: 0x00000b44, Max: 0x00008000, ABSOLUTE)

    Exec Addr    Load Addr    Size         Type   Attr      Idx    E Section Name        Object

    0x08000000   0x08000000   0x000000c0   Data   RO           83    RESET               startup_stm32c031xx.o
    0x080000c0   0x080000c0   0x00000008   Code   RO          114  * !!!main             c_p.l(__main.o)
    0x080000c8   0x080000c8   0x00000054   Code   RO          291    !!!scatter          c_p.l(__scatter.o)
    0x0800011c   0x0800011c   0x0000001a   Code   RO          295    !!handler_copy      c_p.l(__scatter_copy.o)
    0x08000136   0x08000136   0x00000002   PAD
    0x08000138   0x08000138   0x00000002   Code   RO          292    !!handler_null      c_p.l(__scatter.o)
    0x0800013a   0x0800013a   0x00000002   PAD
    0x0800013c   0x0800013c   0x0000001c   Code   RO          297    !!handler_zi        c_p.l(__scatter_zi.o)
    0x08000158   0x08000158   0x00000002   Code   RO          152    .ARM.Collect$$libinit$$00000000  c_p.l(libinit.o)
    0x0800015a   0x0800015a   0x00000000   Code   RO          166    .ARM.Collect$$libinit$$00000002  c_p.l(libinit2.o)
    0x0800015a   0x0800015a   0x00000000   Code   RO          168    .ARM.Collect$$libinit$$00000004  c_p.l(libinit2.o)
    0x0800015a   0x0800015a   0x00000000   Code   RO          170    .ARM.Collect$$libinit$$00000006  c_p.l(libinit2.o)
    0x0800015a   0x0800015a   0x00000000   Code   RO          173    .ARM.Collect$$libinit$$0000000C  c_p.l(libinit2.o)
    0x0800015a   0x0800015a   0x00000000   Code   RO          175    .ARM.Collect$$libinit$$0000000E  c_p.l(libinit2.o)
    0x0800015a   0x0800015a   0x00000000   Code   RO          177    .ARM.Collect$$libinit$$00000010  c_p.l(libinit2.o)
    0x0800015a   0x0800015a   0x00000000   Code   RO          180    .ARM.Collect$$libinit$$00000013  c_p.l(libinit2.o)
    0x0800015a   0x0800015a   0x00000000   Code   RO          182    .ARM.Collect$$libinit$$00000015  c_p.l(libinit2.o)
    0x0800015a   0x0800015a   0x00000000   Code   RO          184    .ARM.Collect$$libinit$$00000017  c_p.l(libinit2.o)
    0x0800015a   0x0800015a   0x00000000   Code   RO          186    .ARM.Collect$$libinit$$00000019  c_p.l(libinit2.o)
    0x0800015a   0x0800015a   0x00000000   Code   RO          188    .ARM.Collect$$libinit$$0000001B  c_p.l(libinit2.o)
    0x0800015a   0x0800015a   0x00000000   Code   RO          190    .ARM.Collect$$libinit$$0000001D  c_p.l(libinit2.o)
    0x0800015a   0x0800015a   0x00000000   Code   RO          192    .ARM.Collect$$libinit$$0000001F  c_p.l(libinit2.o)
    0x0800015a   0x0800015a   0x00000000   Code   RO          194    .ARM.Collect$$libinit$$00000021  c_p.l(libinit2.o)
    0x0800015a   0x0800015a   0x00000000   Code   RO          196    .ARM.Collect$$libinit$$00000023  c_p.l(libinit2.o)
    0x0800015a   0x0800015a   0x00000000   Code   RO          198    .ARM.Collect$$libinit$$00000025  c_p.l(libinit2.o)
    0x0800015a   0x0800015a   0x00000000   Code   RO          200    .ARM.Collect$$libinit$$00000027  c_p.l(libinit2.o)
    0x0800015a   0x0800015a   0x00000000   Code   RO          204    .ARM.Collect$$libinit$$0000002E  c_p.l(libinit2.o)
    0x0800015a   0x0800015a   0x00000000   Code   RO          206    .ARM.Collect$$libinit$$00000030  c_p.l(libinit2.o)
    0x0800015a   0x0800015a   0x00000000   Code   RO          208    .ARM.Collect$$libinit$$00000032  c_p.l(libinit2.o)
    0x0800015a   0x0800015a   0x00000000   Code   RO          210    .ARM.Collect$$libinit$$00000034  c_p.l(libinit2.o)
    0x0800015a   0x0800015a   0x00000002   Code   RO          211    .ARM.Collect$$libinit$$00000035  c_p.l(libinit2.o)
    0x0800015c   0x0800015c   0x00000002   Code   RO          246    .ARM.Collect$$libshutdown$$00000000  c_p.l(libshutdown.o)
    0x0800015e   0x0800015e   0x00000000   Code   RO          274    .ARM.Collect$$libshutdown$$00000002  c_p.l(libshutdown2.o)
    0x0800015e   0x0800015e   0x00000000   Code   RO          276    .ARM.Collect$$libshutdown$$00000004  c_p.l(libshutdown2.o)
    0x0800015e   0x0800015e   0x00000000   Code   RO          279    .ARM.Collect$$libshutdown$$00000007  c_p.l(libshutdown2.o)
    0x0800015e   0x0800015e   0x00000000   Code   RO          282    .ARM.Collect$$libshutdown$$0000000A  c_p.l(libshutdown2.o)
    0x0800015e   0x0800015e   0x00000000   Code   RO          284    .ARM.Collect$$libshutdown$$0000000C  c_p.l(libshutdown2.o)
    0x0800015e   0x0800015e   0x00000000   Code   RO          287    .ARM.Collect$$libshutdown$$0000000F  c_p.l(libshutdown2.o)
    0x0800015e   0x0800015e   0x00000002   Code   RO          288    .ARM.Collect$$libshutdown$$00000010  c_p.l(libshutdown2.o)
    0x08000160   0x08000160   0x00000000   Code   RO          116    .ARM.Collect$$rtentry$$00000000  c_p.l(__rtentry.o)
    0x08000160   0x08000160   0x00000000   Code   RO          122    .ARM.Collect$$rtentry$$00000002  c_p.l(__rtentry2.o)
    0x08000160   0x08000160   0x00000006   Code   RO          134    .ARM.Collect$$rtentry$$00000004  c_p.l(__rtentry4.o)
    0x08000166   0x08000166   0x00000000   Code   RO          124    .ARM.Collect$$rtentry$$00000009  c_p.l(__rtentry2.o)
    0x08000166   0x08000166   0x00000004   Code   RO          125    .ARM.Collect$$rtentry$$0000000A  c_p.l(__rtentry2.o)
    0x0800016a   0x0800016a   0x00000000   Code   RO          127    .ARM.Collect$$rtentry$$0000000C  c_p.l(__rtentry2.o)
    0x0800016a   0x0800016a   0x00000008   Code   RO          128    .ARM.Collect$$rtentry$$0000000D  c_p.l(__rtentry2.o)
    0x08000172   0x08000172   0x00000002   Code   RO          157    .ARM.Collect$$rtexit$$00000000  c_p.l(rtexit.o)
    0x08000174   0x08000174   0x00000000   Code   RO          217    .ARM.Collect$$rtexit$$00000002  c_p.l(rtexit2.o)
    0x08000174   0x08000174   0x00000004   Code   RO          218    .ARM.Collect$$rtexit$$00000003  c_p.l(rtexit2.o)
    0x08000178   0x08000178   0x00000006   Code   RO          219    .ARM.Collect$$rtexit$$00000004  c_p.l(rtexit2.o)
    0x0800017e   0x0800017e   0x00000002   PAD
    0x08000180   0x08000180   0x00000038   Code   RO           84    .text               startup_stm32c031xx.o
    0x080001b8   0x080001b8   0x0000005a   Code   RO          106    .text               c_p.l(memcmp.o)
    0x08000212   0x08000212   0x00000002   PAD
    0x08000214   0x08000214   0x0000016c   Code   RO          108    .text               c_p.l(aeabi_sdiv.o)
    0x08000380   0x08000380   0x00000006   Code   RO          112    .text               c_p.l(heapauxi.o)
    0x08000386   0x08000386   0x0000003e   Code   RO          138    .text               c_p.l(sys_stackheap_outer.o)
    0x080003c4   0x080003c4   0x00000010   Code   RO          141    .text               c_p.l(exit.o)
    0x080003d4   0x080003d4   0x00000008   Code   RO          153    .text               c_p.l(libspace.o)
    0x080003dc   0x080003dc   0x0000000c   Code   RO          212    .text               c_p.l(sys_exit.o)
    0x080003e8   0x080003e8   0x00000002   Code   RO          235    .text               c_p.l(use_no_semi.o)
    0x080003ea   0x080003ea   0x00000000   Code   RO          237    .text               c_p.l(indicate_semi.o)
    0x080003ea   0x080003ea   0x00000002   PAD
    0x080003ec   0x080003ec   0x00000058   Code   RO            2    .text.GPIO_init     main.o
    0x08000444   0x08000444   0x0000002c   Code   RO           34    .text.I2C1_IRQHandler  i2c.o
    0x08000470   0x08000470   0x00000010   Code   RO           59    .text.SysTick_Handler  systick.o
    0x08000480   0x08000480   0x00000010   Code   RO           91    .text.SystemInit    system_stm32c0xx.o
    0x08000490   0x08000490   0x0000002c   Code   RO           65    .text.__NVIC_ClearPendingIRQ  systick.o
    0x080004bc   0x080004bc   0x0000002c   Code   RO           67    .text.__NVIC_EnableIRQ  systick.o
    0x080004e8   0x080004e8   0x00000084   Code   RO           63    .text.__NVIC_SetPriority  systick.o
    0x0800056c   0x0800056c   0x0000000c   Code   RO           21    .text.clk_enableGPIOClk  clk.o
    0x08000578   0x08000578   0x00000014   Code   RO           23    .text.clk_enableI2CClk  clk.o
    0x0800058c   0x0800058c   0x0000000c   Code   RO           25    .text.clk_initBSP   clk.o
    0x08000598   0x08000598   0x00000038   Code   RO           71    .text.delay_ms      systick.o
    0x080005d0   0x080005d0   0x0000007c   Code   RO           48    .text.i2c_24C02Read  i2c.o
    0x0800064c   0x0800064c   0x000001ac   Code   RO           50    .text.i2c_24C02Write  i2c.o
    0x080007f8   0x080007f8   0x000000a0   Code   RO           36    .text.i2c_initMaster  i2c.o
    0x08000898   0x08000898   0x0000015c   Code   RO           46    .text.i2c_readPtr   i2c.o
    0x080009f4   0x080009f4   0x000000c0   Code   RO            4    .text.main          main.o
    0x08000ab4   0x08000ab4   0x0000000c   Code   RO           69    .text.millis        systick.o
    0x08000ac0   0x08000ac0   0x00000054   Code   RO           61    .text.systick_init  systick.o
    0x08000b14   0x08000b14   0x0000000f   Data   RO            9    .rodata.str1.1      main.o
    0x08000b23   0x08000b23   0x00000001   PAD
    0x08000b24   0x08000b24   0x00000020   Data   RO          290    Region$$Table       anon$$obj.o


    Execution Region RW_IRAM1 (Exec base: 0x20000000, Load base: 0x08000b48, Size: 0x00000688, Max: 0x00003000, ABSOLUTE)

    Exec Addr    Load Addr    Size         Type   Attr      Idx    E Section Name        Object

    0x20000000   0x08000b48   0x00000004   Data   RW            8    .data.ret           main.o
    0x20000004   0x08000b4c   0x00000004   PAD
    0x20000008        -       0x00000060   Zero   RW          154    .bss                c_p.l(libspace.o)
    0x20000068        -       0x00000004   Zero   RW            7    .bss.blink_millis   main.o
    0x2000006c        -       0x00000004   Zero   RW           74    .bss.delay_ms.elapsed  systick.o
    0x20000070        -       0x00000004   Zero   RW            6    .bss.i2c_millis     main.o
    0x20000074        -       0x00000004   Zero   RW           73    .bss.millis_counter  systick.o
    0x20000078        -       0x00000010   Zero   RW           10    .bss.temp           main.o
    0x20000088        -       0x00000200   Zero   RW           82    HEAP                startup_stm32c031xx.o
    0x20000288        -       0x00000400   Zero   RW           81    STACK               startup_stm32c031xx.o


==============================================================================

Image component sizes


      Code (inc. data)   RO Data    RW Data    ZI Data      Debug   Object Name

        44          8          0          0          0       1567   clk.o
      1104         56          0          0          0       3873   i2c.o
       280         44         15          4         24       1516   main.o
        56         26        192          0       1536        692   startup_stm32c031xx.o
        16          4          0          0          0       2076   system_stm32c0xx.o
       388         40          0          0          8       3186   systick.o

    ----------------------------------------------------------------------
      1888        178        240          4       1572      12910   Object Totals
         0          0         32          0          0          0   (incl. Generated)
         0          0          1          0          4          0   (incl. Padding)

    ----------------------------------------------------------------------

      Code (inc. data)   RO Data    RW Data    ZI Data      Debug   Library Member Name

         8          0          0          0          0         68   __main.o
         0          0          0          0          0          0   __rtentry.o
        12          0          0          0          0          0   __rtentry2.o
         6          0          0          0          0          0   __rtentry4.o
        86         10          0          0          0          0   __scatter.o
        26          0          0          0          0          0   __scatter_copy.o
        28          0          0          0          0          0   __scatter_zi.o
       364          4          0          0          0         92   aeabi_sdiv.o
        16          0          0          0          0         68   exit.o
         6          0          0          0          0        136   heapauxi.o
         0          0          0          0          0          0   indicate_semi.o
         2          0          0          0          0          0   libinit.o
         2          0          0          0          0          0   libinit2.o
         2          0          0          0          0          0   libshutdown.o
         2          0          0          0          0          0   libshutdown2.o
         8          4          0          0         96         68   libspace.o
        90          0          0          0          0         68   memcmp.o
         2          0          0          0          0          0   rtexit.o
        10          0          0          0          0          0   rtexit2.o
        12          4          0          0          0         60   sys_exit.o
        62          0          0          0          0         80   sys_stackheap_outer.o
         2          0          0          0          0         68   use_no_semi.o

    ----------------------------------------------------------------------
       756         22          0          0         96        708   Library Totals
        10          0          0          0          0          0   (incl. Padding)

    ----------------------------------------------------------------------

      Code (inc. data)   RO Data    RW Data    ZI Data      Debug   Library Name

       746         22          0          0         96        708   c_p.l

    ----------------------------------------------------------------------
       756         22          0          0         96        708   Library Totals

    ----------------------------------------------------------------------

==============================================================================


      Code (inc. data)   RO Data    RW Data    ZI Data      Debug   

      2644        200        240          4       1668      13418   Grand Totals
      2644        200        240          4       1668      13418   ELF Image Totals
      2644        200        240          4          0          0   ROM Totals

==============================================================================

    Total RO  Size (Code + RO Data)                 2884 (   2.82kB)
    Total RW  Size (RW Data + ZI Data)              1672 (   1.63kB)
    Total ROM Size (Code + RO Data + RW Data)       2888 (   2.82kB)

==============================================================================

