<html>
<body>
<pre>
<h1>µVision Build Log</h1>
<h2>Tool Versions:</h2>
IDE-Version: µVision V5.39.0.0
Copyright (C) 2023 ARM Ltd and ARM Germany GmbH. All rights reserved.
License Information: Thipok Jiamjarapan
KMITL
User-based license: Keil MDK Community (non-commercial free of charge)
Valid until: Jun 1 2033. Cached until: Jul 14 2024
 
Tool Versions:
Toolchain:       Keil MDK Community (non-commercial free of charge  Version: 5.39.0.0
Toolchain Path:  C:\Keil_v5\ARM\ARMCLANG\Bin
C Compiler:      ArmClang.exe V6.21
Assembler:       Armasm.exe V6.21
Linker/Locator:  ArmLink.exe V6.21
Library Manager: ArmAr.exe V6.21
Hex Converter:   FromElf.exe V6.21
CPU DLL:         SARMCM3.DLL V5.39.0.0
Dialog DLL:      DARMCM1.DLL V1.19.6.0
Target DLL:      STLink\ST-LINKIII-KEIL_SWO.dll V3.2.0.0
Dialog DLL:      TARMCM1.DLL V1.14.6.0
 
<h2>Project:</h2>
C:\Users\thipo\OneDrive\Documents\UNIVERSITY\Industrial_training\Delta\STM32C031\LM75A_K6T7\i2c_lm75a.uvprojx
Project File Date:  07/08/2024

<h2>Output:</h2>
*** Using Compiler 'V6.21', folder: 'C:\Keil_v5\ARM\ARMCLANG\Bin'
Build target 'Target 1'
Validate Run Time Environment: errors/warnings detected:
'Keil::Device:Startup@1.0.0': warning #515: Additional software components required
 require Device:STM32Cube Framework: Select component from list
    'Keil::Device:STM32Cube Framework:STM32CubeMX'
compiling clk.c...
compiling systick.c...
compiling main.c...
compiling i2c.c...
compiling system_stm32c0xx.c...
linking...
Program Size: Code=2180 RO-data=208 RW-data=0 ZI-data=1648  
FromELF: creating hex file...
".\Objects\i2c_lm75a.axf" - 0 Error(s), 0 Warning(s).

<h2>Software Packages used:</h2>

Package Vendor: ARM
                https://www.keil.com/pack/ARM.CMSIS.6.0.0.pack
                ARM::CMSIS@6.0.0
                CMSIS (Common Microcontroller Software Interface Standard)
   * Component: CORE Version: 6.0.0

Package Vendor: Keil
                https://www.keil.com/pack/Keil.STM32C0xx_DFP.1.0.0.pack
                Keil::STM32C0xx_DFP@1.0.0
                STMicroelectronics STM32C0 Series Device Support
   * Component: Startup Version: 1.0.0

<h2>Collection of Component include folders:</h2>
  ./RTE/_Target_1
  C:/Users/thipo/AppData/Local/Arm/Packs/ARM/CMSIS/6.0.0/CMSIS/Core/Include
  C:/Users/thipo/AppData/Local/Arm/Packs/Keil/STM32C0xx_DFP/1.0.0/Drivers/CMSIS/Device/ST/STM32C0xx/Include

<h2>Collection of Component Files used:</h2>

   * Component: ARM::CMSIS:CORE@6.0.0

   * Component: Keil::Device:Startup@1.0.0
      Source file:   Drivers/CMSIS/Device/ST/STM32C0xx/Source/Templates/system_stm32c0xx.c
      Include file:  Drivers/CMSIS/Device/ST/STM32C0xx/Include/stm32c0xx.h
      Source file:   Drivers/CMSIS/Device/ST/STM32C0xx/Source/Templates/arm/startup_stm32c031xx.s
Build Time Elapsed:  00:00:01
</pre>
</body>
</html>
